Component: ARM Compiler 6.16 Tool: armlink [5dfeaa00]

==============================================================================

Section Cross References

    startup_stm32f103xb.o(STACK) refers (Special) to heapauxi.o(.text) for __use_two_region_memory
    startup_stm32f103xb.o(HEAP) refers (Special) to heapauxi.o(.text) for __use_two_region_memory
    startup_stm32f103xb.o(RESET) refers (Special) to heapauxi.o(.text) for __use_two_region_memory
    startup_stm32f103xb.o(RESET) refers to startup_stm32f103xb.o(STACK) for __initial_sp
    startup_stm32f103xb.o(RESET) refers to startup_stm32f103xb.o(.text) for Reset_Handler
    startup_stm32f103xb.o(RESET) refers to stm32f1xx_it.o(.text.NMI_Handler) for NMI_Handler
    startup_stm32f103xb.o(RESET) refers to stm32f1xx_it.o(.text.HardFault_Handler) for HardFault_Handler
    startup_stm32f103xb.o(RESET) refers to stm32f1xx_it.o(.text.MemManage_Handler) for MemManage_Handler
    startup_stm32f103xb.o(RESET) refers to stm32f1xx_it.o(.text.BusFault_Handler) for BusFault_Handler
    startup_stm32f103xb.o(RESET) refers to stm32f1xx_it.o(.text.UsageFault_Handler) for UsageFault_Handler
    startup_stm32f103xb.o(RESET) refers to stm32f1xx_it.o(.text.SVC_Handler) for SVC_Handler
    startup_stm32f103xb.o(RESET) refers to stm32f1xx_it.o(.text.DebugMon_Handler) for DebugMon_Handler
    startup_stm32f103xb.o(RESET) refers to stm32f1xx_it.o(.text.PendSV_Handler) for PendSV_Handler
    startup_stm32f103xb.o(RESET) refers to stm32f1xx_it.o(.text.SysTick_Handler) for SysTick_Handler
    startup_stm32f103xb.o(RESET) refers to stm32f1xx_it.o(.text.TIM1_UP_IRQHandler) for TIM1_UP_IRQHandler
    startup_stm32f103xb.o(RESET) refers to stm32f1xx_it.o(.text.USART1_IRQHandler) for USART1_IRQHandler
    startup_stm32f103xb.o(RESET) refers to stm32f1xx_it.o(.text.USART2_IRQHandler) for USART2_IRQHandler
    startup_stm32f103xb.o(RESET) refers to stm32f1xx_it.o(.text.USART3_IRQHandler) for USART3_IRQHandler
    startup_stm32f103xb.o(.text) refers (Special) to heapauxi.o(.text) for __use_two_region_memory
    startup_stm32f103xb.o(.text) refers to system_stm32f1xx.o(.text.SystemInit) for SystemInit
    startup_stm32f103xb.o(.text) refers to __main.o(!!!main) for __main
    startup_stm32f103xb.o(.text) refers to startup_stm32f103xb.o(HEAP) for Heap_Mem
    startup_stm32f103xb.o(.text) refers to startup_stm32f103xb.o(STACK) for Stack_Mem
    main.o(.text.main) refers to program.o(.text.read_fact) for read_fact
    main.o(.text.main) refers to program.o(.text.init_fact) for init_fact
    main.o(.text.main) refers to ram.o(.bss.fact) for fact
    main.o(.text.main) refers to ram.o(.bss.htim2) for htim2
    main.o(.text.main) refers to ram.o(.bss.fact_bk) for fact_bk
    main.o(.text.main) refers to rt_memcpy_v6.o(.text) for __aeabi_memcpy
    main.o(.text.main) refers to stm32f1xx_hal.o(.text.HAL_Init) for HAL_Init
    main.o(.text.main) refers to main.o(.text.SystemClock_Config) for SystemClock_Config
    main.o(.text.main) refers to main.o(.text.MX_GPIO_Init) for MX_GPIO_Init
    main.o(.text.main) refers to main.o(.text.MX_USART1_UART_Init) for MX_USART1_UART_Init
    main.o(.text.main) refers to main.o(.text.MX_USART2_UART_Init) for MX_USART2_UART_Init
    main.o(.text.main) refers to main.o(.text.MX_TIM1_Init) for MX_TIM1_Init
    main.o(.text.main) refers to main.o(.text.MX_TIM3_Init) for MX_TIM3_Init
    main.o(.text.main) refers to main.o(.text.MX_USART3_UART_Init) for MX_USART3_UART_Init
    main.o(.text.main) refers to main.o(.text.MX_TIM2_Init) for MX_TIM2_Init
    main.o(.text.main) refers to main.o(.text.MX_TIM4_Init) for MX_TIM4_Init
    main.o(.text.main) refers to program.o(.text.program) for program
    main.o(.ARM.exidx.text.main) refers to main.o(.text.main) for [Anonymous Symbol]
    main.o(.text.SystemClock_Config) refers to rt_memclr_w.o(.text) for __aeabi_memclr4
    main.o(.text.SystemClock_Config) refers to stm32f1xx_hal_rcc.o(.text.HAL_RCC_OscConfig) for HAL_RCC_OscConfig
    main.o(.text.SystemClock_Config) refers to main.o(.text.Error_Handler) for Error_Handler
    main.o(.text.SystemClock_Config) refers to stm32f1xx_hal_rcc.o(.text.HAL_RCC_ClockConfig) for HAL_RCC_ClockConfig
    main.o(.ARM.exidx.text.SystemClock_Config) refers to main.o(.text.SystemClock_Config) for [Anonymous Symbol]
    main.o(.text.MX_GPIO_Init) refers to stm32f1xx_hal_gpio.o(.text.HAL_GPIO_WritePin) for HAL_GPIO_WritePin
    main.o(.text.MX_GPIO_Init) refers to stm32f1xx_hal_gpio.o(.text.HAL_GPIO_Init) for HAL_GPIO_Init
    main.o(.ARM.exidx.text.MX_GPIO_Init) refers to main.o(.text.MX_GPIO_Init) for [Anonymous Symbol]
    main.o(.text.MX_USART1_UART_Init) refers to ram.o(.bss.huart1) for huart1
    main.o(.text.MX_USART1_UART_Init) refers to stm32f1xx_hal_uart.o(.text.HAL_UART_Init) for HAL_UART_Init
    main.o(.text.MX_USART1_UART_Init) refers to main.o(.text.Error_Handler) for Error_Handler
[...]
    [Anonymous Symbol]                       0x080041ec   Section        0  stm32f1xx_hal_cortex.o(.text.__NVIC_EnableIRQ)
    __NVIC_GetPriorityGrouping               0x0800421d   Thumb Code    16  stm32f1xx_hal_cortex.o(.text.__NVIC_GetPriorityGrouping)
    [Anonymous Symbol]                       0x0800421c   Section        0  stm32f1xx_hal_cortex.o(.text.__NVIC_GetPriorityGrouping)
    __NVIC_SetPriority                       0x0800422d   Thumb Code    66  stm32f1xx_hal_cortex.o(.text.__NVIC_SetPriority)
    [Anonymous Symbol]                       0x0800422c   Section        0  stm32f1xx_hal_cortex.o(.text.__NVIC_SetPriority)
    __NVIC_SetPriorityGrouping               0x08004271   Thumb Code    60  stm32f1xx_hal_cortex.o(.text.__NVIC_SetPriorityGrouping)
    [Anonymous Symbol]                       0x08004270   Section        0  stm32f1xx_hal_cortex.o(.text.__NVIC_SetPriorityGrouping)
    [Anonymous Symbol]                       0x080042ac   Section        0  program.o(.text.ascii2bin)
    [Anonymous Symbol]                       0x080043e8   Section        0  program.o(.text.bin2ascii)
    [Anonymous Symbol]                       0x080044a4   Section        0  program.o(.text.bin2ascii_v2)
    [Anonymous Symbol]                       0x08004570   Section        0  program.o(.text.car_stop)
    [Anonymous Symbol]                       0x0800457c   Section        0  program.o(.text.check_checksume16)
    [Anonymous Symbol]                       0x08004618   Section        0  program.o(.text.check_crc16)
    [Anonymous Symbol]                       0x080046c4   Section        0  program.o(.text.drive_xe)
    [Anonymous Symbol]                       0x0800489c   Section        0  flashv2.o(.text.flash_eraseV2)
    [Anonymous Symbol]                       0x080048dc   Section        0  flashv2.o(.text.flash_erase_bootloader)
    [Anonymous Symbol]                       0x08004920   Section        0  flashv2.o(.text.flash_read)
    [Anonymous Symbol]                       0x080049a4   Section        0  flashv2.o(.text.flash_write)
    [Anonymous Symbol]                       0x08004a64   Section        0  flashv2.o(.text.flash_writeV2)
    [Anonymous Symbol]                       0x08004b28   Section        0  program.o(.text.get_data_flash)
    [Anonymous Symbol]                       0x08004c30   Section        0  program.o(.text.get_fact)
    [Anonymous Symbol]                       0x08004cc4   Section        0  program.o(.text.get_status_rasp)
    [Anonymous Symbol]                       0x08004d6c   Section        0  program.o(.text.init_data)
    [Anonymous Symbol]                       0x08004dfc   Section        0  program.o(.text.init_drive)
    [Anonymous Symbol]                       0x08004e7c   Section        0  program.o(.text.init_fact)
    [Anonymous Symbol]                       0x080050e8   Section        0  program.o(.text.left_stop)
    [Anonymous Symbol]                       0x08005124   Section        0  program.o(.text.left_up)
    [Anonymous Symbol]                       0x08005154   Section        0  main.o(.text.main)
    [Anonymous Symbol]                       0x080051e8   Section        0  program.o(.text.mem_set)
    [Anonymous Symbol]                       0x08005254   Section        0  program.o(.text.opera)
    [Anonymous Symbol]                       0x0800555c   Section        0  program.o(.text.program)
    [Anonymous Symbol]                       0x08005634   Section        0  program.o(.text.pwm_drive_opera)
    [Anonymous Symbol]                       0x08005bd8   Section        0  program.o(.text.read_fact)
    [Anonymous Symbol]                       0x08005c98   Section        0  program.o(.text.read_fact_read_address)
    [Anonymous Symbol]                       0x08005cf4   Section        0  program.o(.text.right_stop)
    [Anonymous Symbol]                       0x08005d30   Section        0  program.o(.text.right_up)
    [Anonymous Symbol]                       0x08005d60   Section        0  program.o(.text.send_fact)
    [Anonymous Symbol]                       0x08005e5c   Section        0  program.o(.text.send_version)
    [Anonymous Symbol]                       0x08005f5c   Section        0  program.o(.text.serial2_comm)
    [Anonymous Symbol]                       0x08006158   Section        0  program.o(.text.serial3_communication)
    [Anonymous Symbol]                       0x08006258   Section        0  program.o(.text.set_duty)
    [Anonymous Symbol]                       0x080062f0   Section        0  program.o(.text.set_freq)
    [Anonymous Symbol]                       0x0800630c   Section        0  program.o(.text.set_ir_send_must_ok)
    [Anonymous Symbol]                       0x0800638c   Section        0  program.o(.text.setup_run_th)
    [Anonymous Symbol]                       0x080063c4   Section        0  program.o(.text.string_compera)
    [Anonymous Symbol]                       0x08006414   Section        0  program.o(.text.timer_couter)
    [Anonymous Symbol]                       0x08006678   Section        0  program.o(.text.u2_send_addr_data_str)
    [Anonymous Symbol]                       0x08006770   Section        0  program.o(.text.u2_send_str)
    [Anonymous Symbol]                       0x08006828   Section        0  program.o(.text.uart2_send_buff)
    [Anonymous Symbol]                       0x08006888   Section        0  program.o(.text.uart2_send_nak)
    [Anonymous Symbol]                       0x080068f4   Section        0  program.o(.text.uart2_send_string)
    [Anonymous Symbol]                       0x08006970   Section        0  program.o(.text.uart2_with_due)
    [Anonymous Symbol]                       0x080071bc   Section        0  program.o(.text.utf8_to_ascii)
    [Anonymous Symbol]                       0x0800748c   Section        0  program.o(.text.write_fact)
    .L.str.10                                0x080074e8   Data           9  program.o(.rodata.str1.1)
    [Anonymous Symbol]                       0x080074e8   Section        0  program.o(.rodata.str1.1)
    .L.str.11                                0x080074f1   Data           9  program.o(.rodata.str1.1)
    .L.str.7                                 0x080074fa   Data           8  program.o(.rodata.str1.1)
    .L.str.16                                0x08007502   Data           8  program.o(.rodata.str1.1)
    .L.str.30                                0x08007505   Data           5  program.o(.rodata.str1.1)
    .L.str.28                                0x0800750a   Data           7  program.o(.rodata.str1.1)
    .L.str.12                                0x08007511   Data          14  program.o(.rodata.str1.1)
    .L.str.9                                 0x0800751f   Data           8  program.o(.rodata.str1.1)
    .L.str.18                                0x08007527   Data           9  program.o(.rodata.str1.1)
    .L.str.29                                0x08007530   Data           4  program.o(.rodata.str1.1)
    .L.str.20                                0x08007534   Data           7  program.o(.rodata.str1.1)
    .L.str.13                                0x08007536   Data           5  program.o(.rodata.str1.1)
    .L.str.24                                0x0800753b   Data           4  program.o(.rodata.str1.1)
    .L.str.19                                0x0800753f   Data           6  program.o(.rodata.str1.1)
    .L.str.8                                 0x08007545   Data           7  program.o(.rodata.str1.1)
    .L.str.17                                0x0800754c   Data           8  program.o(.rodata.str1.1)
    .L.str.22                                0x08007554   Data           8  program.o(.rodata.str1.1)
    .L.str.21                                0x08007557   Data           5  program.o(.rodata.str1.1)
    .L.str.27                                0x0800755c   Data          13  program.o(.rodata.str1.1)
    .L.str.1                                 0x08007563   Data           6  program.o(.rodata.str1.1)
    .L.str.23                                0x08007569   Data           9  program.o(.rodata.str1.1)
    .L.str                                   0x08007572   Data           5  program.o(.rodata.str1.1)
    .L.str.15                                0x08007577   Data           7  program.o(.rodata.str1.1)
    .L.str.6                                 0x0800757e   Data           7  program.o(.rodata.str1.1)
    .L.str.26                                0x08007585   Data          16  program.o(.rodata.str1.1)
    .L.str.14                                0x08007595   Data           7  program.o(.rodata.str1.1)
    .L.str.3                                 0x0800759c   Data           7  program.o(.rodata.str1.1)
    .L.str.25                                0x080075a3   Data           9  program.o(.rodata.str1.1)
    .L.str.5                                 0x080075ac   Data           3  program.o(.rodata.str1.1)
    .L.str.4                                 0x080075af   Data           3  program.o(.rodata.str1.1)
    .L.str.2                                 0x080075b2   Data          35  program.o(.rodata.str1.1)
    .bss                                     0x20000010   Section       96  libspace.o(.bss)
    Heap_Mem                                 0x200017b8   Data         512  startup_stm32f103xb.o(HEAP)
    HEAP                                     0x200017b8   Section      512  startup_stm32f103xb.o(HEAP)
    Stack_Mem                                0x200019b8   Data        1024  startup_stm32f103xb.o(STACK)
    STACK                                    0x200019b8   Section     1024  startup_stm32f103xb.o(STACK)
    __initial_sp                             0x20001db8   Data           0  startup_stm32f103xb.o(STACK)

    Global Symbols

    Symbol Name                              Value     Ov Type        Size  Object(Section)

    BuildAttributes$$THM_ISAv4$P$D$K$B$S$PE$A:L22UL41UL21$X:L11$S22US41US21$IEEE1$IW$~IW$USESV6$~STKCKD$USESV7$~SHL$OSPACE$ROPI$EBA8$UX$STANDARDLIB$REQ8$PRES8$EABIv2 0x00000000   Number         0  anon$$obj.o ABSOLUTE
    __fp_init_empty                          0x00000000   Number         0  fpinit_empty.o ABSOLUTE
    __ARM_exceptions_init                     - Undefined Weak Reference
    __alloca_initialize                       - Undefined Weak Reference
    __arm_preinit_                            - Undefined Weak Reference
    __cpp_initialize__aeabi_                  - Undefined Weak Reference
    __cxa_finalize                            - Undefined Weak Reference
    __rt_locale                               - Undefined Weak Reference
    __sigvec_lookup                           - Undefined Weak Reference
    _atexit_init                              - Undefined Weak Reference
    _call_atexit_fns                          - Undefined Weak Reference
    _clock_init                               - Undefined Weak Reference
    _fp_trap_init                             - Undefined Weak Reference
    _fp_trap_shutdown                         - Undefined Weak Reference
    _get_lc_collate                           - Undefined Weak Reference
    _get_lc_ctype                             - Undefined Weak Reference
    _get_lc_monetary                          - Undefined Weak Reference
    _get_lc_numeric                           - Undefined Weak Reference
    _get_lc_time                              - Undefined Weak Reference
    _getenv_init                              - Undefined Weak Reference
    _handle_redirection                       - Undefined Weak Reference
    _init_alloc                               - Undefined Weak Reference
    _init_user_alloc                          - Undefined Weak Reference
    _initio                                   - Undefined Weak Reference
    _rand_init                                - Undefined Weak Reference
    _signal_finish                            - Undefined Weak Reference
    _signal_init                              - Undefined Weak Reference
    _terminate_alloc                          - Undefined Weak Reference
    _terminate_user_alloc                     - Undefined Weak Reference
    _terminateio                              - Undefined Weak Reference
    __Vectors_Size                           0x000000ec   Number         0  startup_stm32f103xb.o ABSOLUTE
    __Vectors                                0x08000000   Data           4  startup_stm32f103xb.o(RESET)
    __Vectors_End                            0x080000ec   Data           0  startup_stm32f103xb.o(RESET)
    __main                                   0x080000ed   Thumb Code     8  __main.o(!!!main)
    __scatterload                            0x080000f5   Thumb Code     0  __scatter.o(!!!scatter)
    __scatterload_rt2                        0x080000f5   Thumb Code    44  __scatter.o(!!!scatter)
    __scatterload_rt2_thumb_only             0x080000f5   Thumb Code     0  __scatter.o(!!!scatter)
    __scatterload_null                       0x08000103   Thumb Code     0  __scatter.o(!!!scatter)
    __scatterload_copy                       0x08000129   Thumb Code    26  __scatter_copy.o(!!handler_copy)
    __scatterload_zeroinit                   0x08000145   Thumb Code    28  __scatter_zi.o(!!handler_zi)
    __rt_lib_init                            0x08000161   Thumb Code     0  libinit.o(.ARM.Collect$$libinit$$00000000)
    __rt_lib_init_alloca_1                   0x08000163   Thumb Code     0  libinit2.o(.ARM.Collect$$libinit$$0000002E)
    __rt_lib_init_argv_1                     0x08000163   Thumb Code     0  libinit2.o(.ARM.Collect$$libinit$$0000002C)
    __rt_lib_init_atexit_1                   0x08000163   Thumb Code     0  libinit2.o(.ARM.Collect$$libinit$$0000001B)
    __rt_lib_init_clock_1                    0x08000163   Thumb Code     0  libinit2.o(.ARM.Collect$$libinit$$00000021)
    __rt_lib_init_cpp_1                      0x08000163   Thumb Code     0  libinit2.o(.ARM.Collect$$libinit$$00000032)
    __rt_lib_init_exceptions_1               0x08000163   Thumb Code     0  libinit2.o(.ARM.Collect$$libinit$$00000030)
    __rt_lib_init_fp_1                       0x08000163   Thumb Code     0  libinit2.o(.ARM.Collect$$libinit$$00000002)
    __rt_lib_init_fp_trap_1                  0x08000163   Thumb Code     0  libinit2.o(.ARM.Collect$$libinit$$0000001F)
    __rt_lib_init_getenv_1                   0x08000163   Thumb Code     0  libinit2.o(.ARM.Collect$$libinit$$00000023)
    __rt_lib_init_heap_1                     0x08000163   Thumb Code     0  libinit2.o(.ARM.Collect$$libinit$$0000000A)
    __rt_lib_init_lc_collate_1               0x08000163   Thumb Code     0  libinit2.o(.ARM.Collect$$libinit$$00000011)
    __rt_lib_init_lc_ctype_1                 0x08000163   Thumb Code     0  libinit2.o(.ARM.Collect$$libinit$$00000013)
    __rt_lib_init_lc_monetary_1              0x08000163   Thumb Code     0  libinit2.o(.ARM.Collect$$libinit$$00000015)
    __rt_lib_init_lc_numeric_1               0x08000163   Thumb Code     0  libinit2.o(.ARM.Collect$$libinit$$00000017)
    __rt_lib_init_lc_time_1                  0x08000163   Thumb Code     0  libinit2.o(.ARM.Collect$$libinit$$00000019)
    __rt_lib_init_preinit_1                  0x08000163   Thumb Code     0  libinit2.o(.ARM.Collect$$libinit$$00000004)
    __rt_lib_init_rand_1                     0x08000163   Thumb Code     0  libinit2.o(.ARM.Collect$$libinit$$0000000E)
    __rt_lib_init_return                     0x08000163   Thumb Code     0  libinit2.o(.ARM.Collect$$libinit$$00000033)
    __rt_lib_init_signal_1                   0x08000163   Thumb Code     0  libinit2.o(.ARM.Collect$$libinit$$0000001D)
    __rt_lib_init_stdio_1                    0x08000163   Thumb Code     0  libinit2.o(.ARM.Collect$$libinit$$00000025)
    __rt_lib_init_user_alloc_1               0x08000163   Thumb Code     0  libinit2.o(.ARM.Collect$$libinit$$0000000C)
    __rt_lib_shutdown                        0x08000165   Thumb Code     0  libshutdown.o(.ARM.Collect$$libshutdown$$00000000)
    __rt_lib_shutdown_cpp_1                  0x08000167   Thumb Code     0  libshutdown2.o(.ARM.Collect$$libshutdown$$00000002)
    __rt_lib_shutdown_fp_trap_1              0x08000167   Thumb Code     0  libshutdown2.o(.ARM.Collect$$libshutdown$$00000007)
    __rt_lib_shutdown_heap_1                 0x08000167   Thumb Code     0  libshutdown2.o(.ARM.Collect$$libshutdown$$0000000F)
    __rt_lib_shutdown_return                 0x08000167   Thumb Code     0  libshutdown2.o(.ARM.Collect$$libshutdown$$00000010)
    __rt_lib_shutdown_signal_1               0x08000167   Thumb Code     0  libshutdown2.o(.ARM.Collect$$libshutdown$$0000000A)
    __rt_lib_shutdown_stdio_1                0x08000167   Thumb Code     0  libshutdown2.o(.ARM.Collect$$libshutdown$$00000004)
    __rt_lib_shutdown_user_alloc_1           0x08000167   Thumb Code     0  libshutdown2.o(.ARM.Collect$$libshutdown$$0000000C)
    __rt_entry                               0x08000169   Thumb Code     0  __rtentry.o(.ARM.Collect$$rtentry$$00000000)
    __rt_entry_presh_1                       0x08000169   Thumb Code     0  __rtentry2.o(.ARM.Collect$$rtentry$$00000002)
    __rt_entry_sh                            0x08000169   Thumb Code     0  __rtentry4.o(.ARM.Collect$$rtentry$$00000004)
    __rt_entry_li                            0x0800016f   Thumb Code     0  __rtentry2.o(.ARM.Collect$$rtentry$$0000000A)
    __rt_entry_postsh_1                      0x0800016f   Thumb Code     0  __rtentry2.o(.ARM.Collect$$rtentry$$00000009)
    __rt_entry_main                          0x08000173   Thumb Code     0  __rtentry2.o(.ARM.Collect$$rtentry$$0000000D)
    __rt_entry_postli_1                      0x08000173   Thumb Code     0  __rtentry2.o(.ARM.Collect$$rtentry$$0000000C)
    __rt_exit                                0x0800017b   Thumb Code     0  rtexit.o(.ARM.Collect$$rtexit$$00000000)
    __rt_exit_ls                             0x0800017d   Thumb Code     0  rtexit2.o(.ARM.Collect$$rtexit$$00000003)
    __rt_exit_prels_1                        0x0800017d   Thumb Code     0  rtexit2.o(.ARM.Collect$$rtexit$$00000002)
    __rt_exit_exit                           0x08000181   Thumb Code     0  rtexit2.o(.ARM.Collect$$rtexit$$00000004)
    Reset_Handler                            0x08000189   Thumb Code     8  startup_stm32f103xb.o(.text)
    ADC1_2_IRQHandler                        0x080001a3   Thumb Code     0  startup_stm32f103xb.o(.text)
    CAN1_RX1_IRQHandler                      0x080001a3   Thumb Code     0  startup_stm32f103xb.o(.text)
    CAN1_SCE_IRQHandler                      0x080001a3   Thumb Code     0  startup_stm32f103xb.o(.text)
    DMA1_Channel1_IRQHandler                 0x080001a3   Thumb Code     0  startup_stm32f103xb.o(.text)
    DMA1_Channel2_IRQHandler                 0x080001a3   Thumb Code     0  startup_stm32f103xb.o(.text)
    DMA1_Channel3_IRQHandler                 0x080001a3   Thumb Code     0  startup_stm32f103xb.o(.text)
    DMA1_Channel4_IRQHandler                 0x080001a3   Thumb Code     0  startup_stm32f103xb.o(.text)
    DMA1_Channel5_IRQHandler                 0x080001a3   Thumb Code     0  startup_stm32f103xb.o(.text)
    DMA1_Channel6_IRQHandler                 0x080001a3   Thumb Code     0  startup_stm32f103xb.o(.text)
    DMA1_Channel7_IRQHandler                 0x080001a3   Thumb Code     0  startup_stm32f103xb.o(.text)
    EXTI0_IRQHandler                         0x080001a3   Thumb Code     0  startup_stm32f103xb.o(.text)
    EXTI15_10_IRQHandler                     0x080001a3   Thumb Code     0  startup_stm32f103xb.o(.text)
    EXTI1_IRQHandler                         0x080001a3   Thumb Code     0  startup_stm32f103xb.o(.text)
    EXTI2_IRQHandler                         0x080001a3   Thumb Code     0  startup_stm32f103xb.o(.text)
    EXTI3_IRQHandler                         0x080001a3   Thumb Code     0  startup_stm32f103xb.o(.text)
    EXTI4_IRQHandler                         0x080001a3   Thumb Code     0  startup_stm32f103xb.o(.text)
    EXTI9_5_IRQHandler                       0x080001a3   Thumb Code     0  startup_stm32f103xb.o(.text)
    FLASH_IRQHandler                         0x080001a3   Thumb Code     0  startup_stm32f103xb.o(.text)
    I2C1_ER_IRQHandler                       0x080001a3   Thumb Code     0  startup_stm32f103xb.o(.text)
    I2C1_EV_IRQHandler                       0x080001a3   Thumb Code     0  startup_stm32f103xb.o(.text)
    I2C2_ER_IRQHandler                       0x080001a3   Thumb Code     0  startup_stm32f103xb.o(.text)
    I2C2_EV_IRQHandler                       0x080001a3   Thumb Code     0  startup_stm32f103xb.o(.text)
    PVD_IRQHandler                           0x080001a3   Thumb Code     0  startup_stm32f103xb.o(.text)
    RCC_IRQHandler                           0x080001a3   Thumb Code     0  startup_stm32f103xb.o(.text)
    RTC_Alarm_IRQHandler                     0x080001a3   Thumb Code     0  startup_stm32f103xb.o(.text)
    RTC_IRQHandler                           0x080001a3   Thumb Code     0  startup_stm32f103xb.o(.text)
    SPI1_IRQHandler                          0x080001a3   Thumb Code     0  startup_stm32f103xb.o(.text)
    SPI2_IRQHandler                          0x080001a3   Thumb Code     0  startup_stm32f103xb.o(.text)
    TAMPER_IRQHandler                        0x080001a3   Thumb Code     0  startup_stm32f103xb.o(.text)
    TIM1_BRK_IRQHandler                      0x080001a3   Thumb Code     0  startup_stm32f103xb.o(.text)
    TIM1_CC_IRQHandler                       0x080001a3   Thumb Code     0  startup_stm32f103xb.o(.text)
    TIM1_TRG_COM_IRQHandler                  0x080001a3   Thumb Code     0  startup_stm32f103xb.o(.text)
    TIM2_IRQHandler                          0x080001a3   Thumb Code     0  startup_stm32f103xb.o(.text)
    TIM3_IRQHandler                          0x080001a3   Thumb Code     0  startup_stm32f103xb.o(.text)
    TIM4_IRQHandler                          0x080001a3   Thumb Code     0  startup_stm32f103xb.o(.text)
    USBWakeUp_IRQHandler                     0x080001a3   Thumb Code     0  startup_stm32f103xb.o(.text)
    USB_HP_CAN1_TX_IRQHandler                0x080001a3   Thumb Code     0  startup_stm32f103xb.o(.text)
    USB_LP_CAN1_RX0_IRQHandler               0x080001a3   Thumb Code     0  startup_stm32f103xb.o(.text)
    WWDG_IRQHandler                          0x080001a3   Thumb Code     0  startup_stm32f103xb.o(.text)
    __user_initial_stackheap                 0x080001a5   Thumb Code     0  startup_stm32f103xb.o(.text)
    __aeabi_memcpy                           0x080001c9   Thumb Code     0  rt_memcpy_v6.o(.text)
    __rt_memcpy                              0x080001c9   Thumb Code   138  rt_memcpy_v6.o(.text)
    _memcpy_lastbytes                        0x0800022f   Thumb Code     0  rt_memcpy_v6.o(.text)
    __aeabi_memclr4                          0x08000253   Thumb Code     0  rt_memclr_w.o(.text)
    __aeabi_memclr8                          0x08000253   Thumb Code     0  rt_memclr_w.o(.text)
    __rt_memclr_w                            0x08000253   Thumb Code     0  rt_memclr_w.o(.text)
    _memset_w                                0x08000257   Thumb Code    74  rt_memclr_w.o(.text)
    __use_two_region_memory                  0x080002a1   Thumb Code     2  heapauxi.o(.text)
    __rt_heap_escrow$2region                 0x080002a3   Thumb Code     2  heapauxi.o(.text)
    __rt_heap_expand$2region                 0x080002a5   Thumb Code     2  heapauxi.o(.text)
    __aeabi_memcpy4                          0x080002a7   Thumb Code     0  rt_memcpy_w.o(.text)
    __aeabi_memcpy8                          0x080002a7   Thumb Code     0  rt_memcpy_w.o(.text)
    __rt_memcpy_w                            0x080002a7   Thumb Code   100  rt_memcpy_w.o(.text)
    _memcpy_lastbytes_aligned                0x080002ef   Thumb Code     0  rt_memcpy_w.o(.text)
    __user_setup_stackheap                   0x0800030b   Thumb Code    74  sys_stackheap_outer.o(.text)
    exit                                     0x08000355   Thumb Code    18  exit.o(.text)
    __user_libspace                          0x08000369   Thumb Code     8  libspace.o(.text)
    __user_perproc_libspace                  0x08000369   Thumb Code     0  libspace.o(.text)
    __user_perthread_libspace                0x08000369   Thumb Code     0  libspace.o(.text)
    _sys_exit                                0x08000371   Thumb Code     8  sys_exit.o(.text)
    __I$use$semihosting                      0x0800037d   Thumb Code     0  use_no_semi.o(.text)
    __use_no_semihosting_swi                 0x0800037d   Thumb Code     2  use_no_semi.o(.text)
    __semihosting_library_function           0x0800037f   Thumb Code     0  indicate_semi.o(.text)
    BusFault_Handler                         0x08000381   Thumb Code     4  stm32f1xx_it.o(.text.BusFault_Handler)
    DebugMon_Handler                         0x08000385   Thumb Code     2  stm32f1xx_it.o(.text.DebugMon_Handler)
    Error_Handler                            0x08000389   Thumb Code     4  main.o(.text.Error_Handler)
    FLASH_PageErase                          0x080003b9   Thumb Code    56  stm32f1xx_hal_flash_ex.o(.text.FLASH_PageErase)
    FLASH_WaitForLastOperation               0x08000531   Thumb Code   280  stm32f1xx_hal_flash.o(.text.FLASH_WaitForLastOperation)
    HAL_DMA_Abort                            0x08000649   Thumb Code   124  stm32f1xx_hal_dma.o(.text.HAL_DMA_Abort)
    HAL_DMA_Abort_IT                         0x080006c5   Thumb Code   284  stm32f1xx_hal_dma.o(.text.HAL_DMA_Abort_IT)
    HAL_FLASHEx_Erase                        0x080007e1   Thumb Code   266  stm32f1xx_hal_flash_ex.o(.text.HAL_FLASHEx_Erase)
    HAL_FLASH_Lock                           0x080008ed   Thumb Code    20  stm32f1xx_hal_flash.o(.text.HAL_FLASH_Lock)
    HAL_FLASH_Program                        0x08000901   Thumb Code   300  stm32f1xx_hal_flash.o(.text.HAL_FLASH_Program)
    HAL_FLASH_Unlock                         0x08000a2d   Thumb Code    90  stm32f1xx_hal_flash.o(.text.HAL_FLASH_Unlock)
    HAL_GPIO_Init                            0x08000a89   Thumb Code   798  stm32f1xx_hal_gpio.o(.text.HAL_GPIO_Init)
    HAL_GPIO_ReadPin                         0x08000da9   Thumb Code    46  stm32f1xx_hal_gpio.o(.text.HAL_GPIO_ReadPin)
    HAL_GPIO_TogglePin                       0x08000dd9   Thumb Code    38  stm32f1xx_hal_gpio.o(.text.HAL_GPIO_TogglePin)
    HAL_GPIO_WritePin                        0x08000e01   Thumb Code    46  stm32f1xx_hal_gpio.o(.text.HAL_GPIO_WritePin)
    HAL_GetTick                              0x08000e31   Thumb Code    12  stm32f1xx_hal.o(.text.HAL_GetTick)
    HAL_IncTick                              0x08000e3d   Thumb Code    26  stm32f1xx_hal.o(.text.HAL_IncTick)
    HAL_Init                                 0x08000e59   Thumb Code    44  stm32f1xx_hal.o(.text.HAL_Init)
    HAL_InitTick                             0x08000e85   Thumb Code   112  stm32f1xx_hal.o(.text.HAL_InitTick)
    HAL_MspInit                              0x08000ef5   Thumb Code   100  stm32f1xx_hal_msp.o(.text.HAL_MspInit)
    HAL_NVIC_EnableIRQ                       0x08000f59   Thumb Code    20  stm32f1xx_hal_cortex.o(.text.HAL_NVIC_EnableIRQ)
    HAL_NVIC_SetPriority                     0x08000f6d   Thumb Code    50  stm32f1xx_hal_cortex.o(.text.HAL_NVIC_SetPriority)
    HAL_NVIC_SetPriorityGrouping             0x08000fa1   Thumb Code    16  stm32f1xx_hal_cortex.o(.text.HAL_NVIC_SetPriorityGrouping)
    HAL_RCC_ClockConfig                      0x08000fb1   Thumb Code   598  stm32f1xx_hal_rcc.o(.text.HAL_RCC_ClockConfig)
    HAL_RCC_GetHCLKFreq                      0x08001209   Thumb Code    12  stm32f1xx_hal_rcc.o(.text.HAL_RCC_GetHCLKFreq)
    HAL_RCC_GetPCLK1Freq                     0x08001215   Thumb Code    34  stm32f1xx_hal_rcc.o(.text.HAL_RCC_GetPCLK1Freq)
    HAL_RCC_GetPCLK2Freq                     0x08001239   Thumb Code    34  stm32f1xx_hal_rcc.o(.text.HAL_RCC_GetPCLK2Freq)
    HAL_RCC_GetSysClockFreq                  0x0800125d   Thumb Code   228  stm32f1xx_hal_rcc.o(.text.HAL_RCC_GetSysClockFreq)
    HAL_RCC_OscConfig                        0x08001341   Thumb Code  1658  stm32f1xx_hal_rcc.o(.text.HAL_RCC_OscConfig)
    HAL_SYSTICK_Config                       0x080019bd   Thumb Code    16  stm32f1xx_hal_cortex.o(.text.HAL_SYSTICK_Config)
    HAL_TIMEx_BreakCallback                  0x080019cd   Thumb Code     8  stm32f1xx_hal_tim_ex.o(.text.HAL_TIMEx_BreakCallback)
    HAL_TIMEx_CommutCallback                 0x080019d5   Thumb Code     8  stm32f1xx_hal_tim_ex.o(.text.HAL_TIMEx_CommutCallback)
    HAL_TIMEx_MasterConfigSynchronization    0x080019dd   Thumb Code   220  stm32f1xx_hal_tim_ex.o(.text.HAL_TIMEx_MasterConfigSynchronization)
    HAL_TIM_Base_Init                        0x08001ab9   Thumb Code   156  stm32f1xx_hal_tim.o(.text.HAL_TIM_Base_Init)
    HAL_TIM_Base_MspInit                     0x08001b55   Thumb Code   228  stm32f1xx_hal_msp.o(.text.HAL_TIM_Base_MspInit)
    HAL_TIM_Base_Start                       0x08001c39   Thumb Code   164  stm32f1xx_hal_tim.o(.text.HAL_TIM_Base_Start)
    HAL_TIM_Base_Start_IT                    0x08001cdd   Thumb Code   176  stm32f1xx_hal_tim.o(.text.HAL_TIM_Base_Start_IT)
    HAL_TIM_ConfigClockSource                0x08001d8d   Thumb Code   374  stm32f1xx_hal_tim.o(.text.HAL_TIM_ConfigClockSource)
    HAL_TIM_IC_CaptureCallback               0x08001f05   Thumb Code     8  stm32f1xx_hal_tim.o(.text.HAL_TIM_IC_CaptureCallback)
    HAL_TIM_IRQHandler                       0x08001f0d   Thumb Code   634  stm32f1xx_hal_tim.o(.text.HAL_TIM_IRQHandler)
    HAL_TIM_MspPostInit                      0x08002189   Thumb Code   304  stm32f1xx_hal_msp.o(.text.HAL_TIM_MspPostInit)
    HAL_TIM_OC_DelayElapsedCallback          0x080022b9   Thumb Code     8  stm32f1xx_hal_tim.o(.text.HAL_TIM_OC_DelayElapsedCallback)
    HAL_TIM_PWM_ConfigChannel                0x080022c1   Thumb Code   308  stm32f1xx_hal_tim.o(.text.HAL_TIM_PWM_ConfigChannel)
    HAL_TIM_PWM_Init                         0x080023f5   Thumb Code   156  stm32f1xx_hal_tim.o(.text.HAL_TIM_PWM_Init)
    HAL_TIM_PWM_MspInit                      0x08002491   Thumb Code     8  stm32f1xx_hal_tim.o(.text.HAL_TIM_PWM_MspInit)
    HAL_TIM_PWM_PulseFinishedCallback        0x08002499   Thumb Code     8  stm32f1xx_hal_tim.o(.text.HAL_TIM_PWM_PulseFinishedCallback)
    HAL_TIM_PWM_Start                        0x080024a1   Thumb Code   352  stm32f1xx_hal_tim.o(.text.HAL_TIM_PWM_Start)
    HAL_TIM_PWM_Stop                         0x08002601   Thumb Code   228  stm32f1xx_hal_tim.o(.text.HAL_TIM_PWM_Stop)
    HAL_TIM_PeriodElapsedCallback            0x080026e5   Thumb Code    46  program.o(.text.HAL_TIM_PeriodElapsedCallback)
    HAL_TIM_TriggerCallback                  0x08002715   Thumb Code     8  stm32f1xx_hal_tim.o(.text.HAL_TIM_TriggerCallback)
    HAL_UARTEx_RxEventCallback               0x0800271d   Thumb Code    12  stm32f1xx_hal_uart.o(.text.HAL_UARTEx_RxEventCallback)
    HAL_UART_ErrorCallback                   0x08002729   Thumb Code   228  program.o(.text.HAL_UART_ErrorCallback)
    HAL_UART_IRQHandler                      0x0800280d   Thumb Code   836  stm32f1xx_hal_uart.o(.text.HAL_UART_IRQHandler)
    HAL_UART_Init                            0x08002b51   Thumb Code   154  stm32f1xx_hal_uart.o(.text.HAL_UART_Init)
    HAL_UART_MspInit                         0x08002bed   Thumb Code   482  stm32f1xx_hal_msp.o(.text.HAL_UART_MspInit)
    HAL_UART_Receive_IT                      0x08002dd1   Thumb Code   120  stm32f1xx_hal_uart.o(.text.HAL_UART_Receive_IT)
    HAL_UART_RxCpltCallback                  0x08002e49   Thumb Code   296  program.o(.text.HAL_UART_RxCpltCallback)
    HAL_UART_Transmit_IT                     0x08002f71   Thumb Code   162  stm32f1xx_hal_uart.o(.text.HAL_UART_Transmit_IT)
    HAL_UART_TxCpltCallback                  0x08003015   Thumb Code     8  stm32f1xx_hal_uart.o(.text.HAL_UART_TxCpltCallback)
    HardFault_Handler                        0x0800301d   Thumb Code     4  stm32f1xx_it.o(.text.HardFault_Handler)
    IR_Send                                  0x08003021   Thumb Code   128  program.o(.text.IR_Send)
    MemManage_Handler                        0x08003675   Thumb Code     4  stm32f1xx_it.o(.text.MemManage_Handler)
    NMI_Handler                              0x08003679   Thumb Code     2  stm32f1xx_it.o(.text.NMI_Handler)
    PendSV_Handler                           0x080036e9   Thumb Code     2  stm32f1xx_it.o(.text.PendSV_Handler)
    SVC_Handler                              0x08003729   Thumb Code     2  stm32f1xx_it.o(.text.SVC_Handler)
    SysTick_Handler                          0x08003781   Thumb Code     8  stm32f1xx_it.o(.text.SysTick_Handler)
    SystemClock_Config                       0x08003789   Thumb Code   112  main.o(.text.SystemClock_Config)
    SystemInit                               0x080037f9   Thumb Code    96  system_stm32f1xx.o(.text.SystemInit)
    TIM1_UP_IRQHandler                       0x08003859   Thumb Code    16  stm32f1xx_it.o(.text.TIM1_UP_IRQHandler)
    TIM_Base_SetConfig                       0x08003869   Thumb Code   240  stm32f1xx_hal_tim.o(.text.TIM_Base_SetConfig)
    TIM_CCxChannelCmd                        0x08003959   Thumb Code    54  stm32f1xx_hal_tim.o(.text.TIM_CCxChannelCmd)
    TIM_ETR_SetConfig                        0x08003991   Thumb Code    52  stm32f1xx_hal_tim.o(.text.TIM_ETR_SetConfig)
    TIM_OC2_SetConfig                        0x08003ac1   Thumb Code   216  stm32f1xx_hal_tim.o(.text.TIM_OC2_SetConfig)
    UART_Start_Receive_IT                    0x08004045   Thumb Code   100  stm32f1xx_hal_uart.o(.text.UART_Start_Receive_IT)
    USART1_IRQHandler                        0x0800413d   Thumb Code    16  stm32f1xx_it.o(.text.USART1_IRQHandler)
    USART2_IRQHandler                        0x0800414d   Thumb Code    16  stm32f1xx_it.o(.text.USART2_IRQHandler)
    USART3_IRQHandler                        0x0800415d   Thumb Code    16  stm32f1xx_it.o(.text.USART3_IRQHandler)
    Upper                                    0x0800416d   Thumb Code   122  program.o(.text.Upper)
    UsageFault_Handler                       0x080041e9   Thumb Code     4  stm32f1xx_it.o(.text.UsageFault_Handler)
    ascii2bin                                0x080042ad   Thumb Code   316  program.o(.text.ascii2bin)
    bin2ascii                                0x080043e9   Thumb Code   186  program.o(.text.bin2ascii)
    bin2ascii_v2                             0x080044a5   Thumb Code   202  program.o(.text.bin2ascii_v2)
    car_stop                                 0x08004571   Thumb Code    12  program.o(.text.car_stop)
    check_checksume16                        0x0800457d   Thumb Code   154  program.o(.text.check_checksume16)
    check_crc16                              0x08004619   Thumb Code   170  program.o(.text.check_crc16)
    drive_xe                                 0x080046c5   Thumb Code   470  program.o(.text.drive_xe)
    flash_eraseV2                            0x0800489d   Thumb Code    64  flashv2.o(.text.flash_eraseV2)
    flash_erase_bootloader                   0x080048dd   Thumb Code    68  flashv2.o(.text.flash_erase_bootloader)
    flash_read                               0x08004921   Thumb Code   132  flashv2.o(.text.flash_read)
    flash_write                              0x080049a5   Thumb Code   192  flashv2.o(.text.flash_write)
    flash_writeV2                            0x08004a65   Thumb Code   194  flashv2.o(.text.flash_writeV2)
    get_data_flash                           0x08004b29   Thumb Code   262  program.o(.text.get_data_flash)
    get_fact                                 0x08004c31   Thumb Code   146  program.o(.text.get_fact)
    get_status_rasp                          0x08004cc5   Thumb Code   166  program.o(.text.get_status_rasp)
    init_data                                0x08004d6d   Thumb Code   142  program.o(.text.init_data)
    init_drive                               0x08004dfd   Thumb Code   128  program.o(.text.init_drive)
    init_fact                                0x08004e7d   Thumb Code   620  program.o(.text.init_fact)
    left_stop                                0x080050e9   Thumb Code    58  program.o(.text.left_stop)
    left_up                                  0x08005125   Thumb Code    46  program.o(.text.left_up)
    main                                     0x08005155   Thumb Code   148  main.o(.text.main)
    mem_set                                  0x080051e9   Thumb Code   106  program.o(.text.mem_set)
    opera                                    0x08005255   Thumb Code   776  program.o(.text.opera)
    program                                  0x0800555d   Thumb Code   214  program.o(.text.program)
    pwm_drive_opera                          0x08005635   Thumb Code  1444  program.o(.text.pwm_drive_opera)
    read_fact                                0x08005bd9   Thumb Code   190  program.o(.text.read_fact)
    read_fact_read_address                   0x08005c99   Thumb Code    92  program.o(.text.read_fact_read_address)
    right_stop                               0x08005cf5   Thumb Code    58  program.o(.text.right_stop)
    right_up                                 0x08005d31   Thumb Code    46  program.o(.text.right_up)
    send_fact                                0x08005d61   Thumb Code   252  program.o(.text.send_fact)
    send_version                             0x08005e5d   Thumb Code   254  program.o(.text.send_version)
    serial2_comm                             0x08005f5d   Thumb Code   508  program.o(.text.serial2_comm)
    serial3_communication                    0x08006159   Thumb Code   256  program.o(.text.serial3_communication)
    set_duty                                 0x08006259   Thumb Code   150  program.o(.text.set_duty)
    set_freq                                 0x080062f1   Thumb Code    26  program.o(.text.set_freq)
    set_ir_send_must_ok                      0x0800630d   Thumb Code   126  program.o(.text.set_ir_send_must_ok)
    setup_run_th                             0x0800638d   Thumb Code    56  program.o(.text.setup_run_th)
    string_compera                           0x080063c5   Thumb Code    80  program.o(.text.string_compera)
    timer_couter                             0x08006415   Thumb Code   610  program.o(.text.timer_couter)
    u2_send_addr_data_str                    0x08006679   Thumb Code   248  program.o(.text.u2_send_addr_data_str)
    u2_send_str                              0x08006771   Thumb Code   184  program.o(.text.u2_send_str)
    uart2_send_buff                          0x08006829   Thumb Code    96  program.o(.text.uart2_send_buff)
    uart2_send_nak                           0x08006889   Thumb Code   106  program.o(.text.uart2_send_nak)
    uart2_send_string                        0x080068f5   Thumb Code   122  program.o(.text.uart2_send_string)
    uart2_with_due                           0x08006971   Thumb Code  2124  program.o(.text.uart2_with_due)
    utf8_to_ascii                            0x080071bd   Thumb Code   718  program.o(.text.utf8_to_ascii)
    write_fact                               0x0800748d   Thumb Code    44  program.o(.text.write_fact)
    AHBPrescTable                            0x080074b8   Data          16  system_stm32f1xx.o(.rodata.AHBPrescTable)
    APBPrescTable                            0x080074c8   Data           8  system_stm32f1xx.o(.rodata.APBPrescTable)
    model_tab                                0x080074d0   Data          24  table.o(.rodata.model_tab)
    utf8_vi_2byte_tab                        0x080075d6   Data         184  table.o(.rodata.utf8_vi_2byte_tab)
    utf8_vi_3byte_tab                        0x0800768e   Data         364  table.o(.rodata.utf8_vi_3byte_tab)
    Region$$Table$$Base                      0x080077fc   Number         0  anon$$obj.o(Region$$Table)
    Region$$Table$$Limit                     0x0800781c   Number         0  anon$$obj.o(Region$$Table)
    SystemCoreClock                          0x20000000   Data           4  system_stm32f1xx.o(.data.SystemCoreClock)
    uwTickFreq                               0x20000004   Data           1  stm32f1xx_hal.o(.data.uwTickFreq)
    uwTickPrio                               0x20000008   Data           4  stm32f1xx_hal.o(.data.uwTickPrio)
    __libspace_start                         0x20000010   Data          96  libspace.o(.bss)
    IR_Format                                0x20000070   Data           5  ram.o(.bss.IR_Format)
    __temporary_stack_top$libspace           0x20000070   Data           0  libspace.o(.bss)
    addr_module                              0x20000075   Data           1  ram.o(.bss.addr_module)
    adjust_on_flg                            0x20000076   Data           1  ram.o(.bss.adjust_on_flg)
    adjust_set_mode                          0x20000077   Data           1  ram.o(.bss.adjust_set_mode)
    bluetooth_buff                           0x20000078   Data         128  ram.o(.bss.bluetooth_buff)
    bluetooth_flg                            0x200000f8   Data           1  ram.o(.bss.bluetooth_flg)
    bluetooth_len                            0x200000fa   Data           2  ram.o(.bss.bluetooth_len)
    bootloader_addr                          0x200000fc   Data           4  ram.o(.bss.bootloader_addr)
    bootloader_basic_addr                    0x20000100   Data           4  ram.o(.bss.bootloader_basic_addr)
    bootloader_buff                          0x20000104   Data        1024  ram.o(.bss.bootloader_buff)
    bootloader_error_flg                     0x20000504   Data           1  ram.o(.bss.bootloader_error_flg)
    bootloader_len                           0x20000508   Data           4  ram.o(.bss.bootloader_len)
    bootloader_tm                            0x2000050c   Data           2  ram.o(.bss.bootloader_tm)
    buff_file                                0x2000050e   Data           2  ram.o(.bss.buff_file)
    buff_test                                0x20000510   Data           8  ram.o(.bss.buff_test)
    car_back_flg                             0x20000518   Data           1  ram.o(.bss.car_back_flg)
    car_not_get_ir_flg                       0x20000519   Data           1  ram.o(.bss.car_not_get_ir_flg)
    car_run_ena                              0x2000051a   Data           1  ram.o(.bss.car_run_ena)
    car_run_mode                             0x2000051b   Data           1  ram.o(.bss.car_run_mode)
    car_run_mode_bk                          0x2000051c   Data           1  ram.o(.bss.car_run_mode_bk)
    car_run_mode_seq                         0x2000051d   Data           1  ram.o(.bss.car_run_mode_seq)
    car_run_mode_seq_tm                      0x2000051e   Data           1  ram.o(.bss.car_run_mode_seq_tm)
    car_run_mode_tm                          0x20000520   Data           2  ram.o(.bss.car_run_mode_tm)
    car_run_up_down_flg                      0x20000522   Data           1  ram.o(.bss.car_run_up_down_flg)
    car_run_up_down_flg_bk                   0x20000523   Data           1  ram.o(.bss.car_run_up_down_flg_bk)
    car_start_flg                            0x20000524   Data           1  ram.o(.bss.car_start_flg)
    car_start_run_flg                        0x20000525   Data           1  ram.o(.bss.car_start_run_flg)
    car_tm                                   0x20000526   Data           2  ram.o(.bss.car_tm)
    clockCouter                              0x20000528   Data           4  ram.o(.bss.clockCouter)
    drive                                    0x2000052c   Data          31  ram.o(.bss.drive)
    drive_bk                                 0x2000054b   Data          31  ram.o(.bss.drive_bk)
    drive_tm                                 0x2000056a   Data           2  ram.o(.bss.drive_tm)
    driver_run_more_tm                       0x2000056c   Data           2  ram.o(.bss.driver_run_more_tm)
    fact                                     0x2000056e   Data         256  ram.o(.bss.fact)
    fact_bk                                  0x2000066e   Data         256  ram.o(.bss.fact_bk)
    fact_write_tm                            0x2000076e   Data           1  ram.o(.bss.fact_write_tm)
    flash_erase_flg                          0x2000076f   Data           1  ram.o(.bss.flash_erase_flg)
    grb_stanby_tm                            0x20000770   Data           2  ram.o(.bss.grb_stanby_tm)
    htim1                                    0x20000774   Data          72  ram.o(.bss.htim1)
    htim1_flg                                0x200007bc   Data           1  ram.o(.bss.htim1_flg)
    htim2                                    0x200007c0   Data          72  ram.o(.bss.htim2)
    htim3                                    0x20000808   Data          72  ram.o(.bss.htim3)
    htim4                                    0x20000850   Data          72  ram.o(.bss.htim4)
    huart1                                   0x20000898   Data          68  ram.o(.bss.huart1)
    huart2                                   0x200008dc   Data          68  ram.o(.bss.huart2)
    huart3                                   0x20000920   Data          68  ram.o(.bss.huart3)
    ir_chk_flg                               0x20000964   Data           1  ram.o(.bss.ir_chk_flg)
    ir_new_data_flg                          0x20000965   Data           1  ram.o(.bss.ir_new_data_flg)
    ir_new_data_type                         0x20000966   Data           1  ram.o(.bss.ir_new_data_type)
    ir_run_flg                               0x20000967   Data           1  ram.o(.bss.ir_run_flg)
    ir_run_tm                                0x20000968   Data           2  ram.o(.bss.ir_run_tm)
    ir_scan_flg                              0x2000096a   Data           1  ram.o(.bss.ir_scan_flg)
    ir_scan_tm                               0x2000096c   Data           2  ram.o(.bss.ir_scan_tm)
    ir_send_must_ok_flg                      0x2000096e   Data           1  ram.o(.bss.ir_send_must_ok_flg)
    ir_send_must_ok_tm                       0x20000970   Data           2  ram.o(.bss.ir_send_must_ok_tm)
    ir_send_must_ok_tmr                      0x20000972   Data           2  ram.o(.bss.ir_send_must_ok_tmr)
    ir_send_must_ok_type                     0x20000974   Data           1  ram.o(.bss.ir_send_must_ok_type)
    line_detect_ct                           0x20000975   Data           1  ram.o(.bss.line_detect_ct)
    mode_test_flg                            0x20000976   Data           1  ram.o(.bss.mode_test_flg)
    one1sec_tm                               0x20000978   Data           2  ram.o(.bss.one1sec_tm)
    pFlash                                   0x20000980   Data          32  stm32f1xx_hal_flash.o(.bss.pFlash)
    r1_buff                                  0x200009a0   Data          16  ram.o(.bss.r1_buff)
    r1_buff2                                 0x200009b0   Data         128  ram.o(.bss.r1_buff2)
    r1_flg                                   0x20000a30   Data           1  ram.o(.bss.r1_flg)
    r1_pos                                   0x20000a32   Data           2  ram.o(.bss.r1_pos)
    r1_tm                                    0x20000a34   Data           2  ram.o(.bss.r1_tm)
    r2_buff                                  0x20000a36   Data        1048  ram.o(.bss.r2_buff)
    r2_buff2                                 0x20000e4e   Data        1048  ram.o(.bss.r2_buff2)
    r2_flg                                   0x20001266   Data           1  ram.o(.bss.r2_flg)
    r2_pos                                   0x20001268   Data           2  ram.o(.bss.r2_pos)
    r3_buff                                  0x2000126a   Data         128  ram.o(.bss.r3_buff)
    r3_buff2                                 0x200012ea   Data         128  ram.o(.bss.r3_buff2)
    r3_flg                                   0x2000136a   Data           1  ram.o(.bss.r3_flg)
    r3_pos                                   0x2000136c   Data           2  ram.o(.bss.r3_pos)
    r3_tot                                   0x2000136e   Data           2  ram.o(.bss.r3_tot)
    ras_blink                                0x20001370   Data           1  ram.o(.bss.ras_blink)
    ras_blink_bk                             0x20001371   Data           1  ram.o(.bss.ras_blink_bk)
    ras_blink_tot                            0x20001372   Data           2  ram.o(.bss.ras_blink_tot)
    ras_center                               0x20001374   Data           1  ram.o(.bss.ras_center)
    ras_left_h                               0x20001375   Data           1  ram.o(.bss.ras_left_h)
    ras_left_l                               0x20001376   Data           1  ram.o(.bss.ras_left_l)
    ras_right_h                              0x20001377   Data           1  ram.o(.bss.ras_right_h)
    ras_right_l                              0x20001378   Data           1  ram.o(.bss.ras_right_l)
    ras_stop                                 0x20001379   Data           1  ram.o(.bss.ras_stop)
    ras_th                                   0x2000137a   Data           1  ram.o(.bss.ras_th)
    ras_th_bk                                0x2000137b   Data           1  ram.o(.bss.ras_th_bk)
    rgb_pwm_tot                              0x2000137c   Data           2  ram.o(.bss.rgb_pwm_tot)
    rgb_status                               0x2000137e   Data           1  ram.o(.bss.rgb_status)
    rgb_wait_chk_tm                          0x20001380   Data           2  ram.o(.bss.rgb_wait_chk_tm)
    scan_rgb_tm                              0x20001382   Data           1  ram.o(.bss.scan_rgb_tm)
    send_due_tm                              0x20001384   Data           2  ram.o(.bss.send_due_tm)
    t1_buff                                  0x20001386   Data          16  ram.o(.bss.t1_buff)
    t2_buff                                  0x20001396   Data        1048  ram.o(.bss.t2_buff)
    updatebootloader_flg                     0x200017ae   Data           1  ram.o(.bss.updatebootloader_flg)
    uwTick                                   0x200017b0   Data           4  stm32f1xx_hal.o(.bss.uwTick)



==============================================================================

Memory Map of the image

  Image Entry point : 0x080000ed

  Load Region LR_IROM1 (Base: 0x08000000, Size: 0x00007830, Max: 0x00010000, ABSOLUTE)

    Execution Region ER_IROM1 (Exec base: 0x08000000, Load base: 0x08000000, Size: 0x0000781c, Max: 0x00010000, ABSOLUTE)

    Exec Addr    Load Addr    Size         Type   Attr      Idx    E Section Name        Object

    0x08000000   0x08000000   0x000000ec   Data   RO            3    RESET               startup_stm32f103xb.o
    0x080000ec   0x080000ec   0x00000008   Code   RO         1324  * !!!main             c_w.l(__main.o)
    0x080000f4   0x080000f4   0x00000034   Code   RO         1489    !!!scatter          c_w.l(__scatter.o)
    0x08000128   0x08000128   0x0000001a   Code   RO         1491    !!handler_copy      c_w.l(__scatter_copy.o)
    0x08000142   0x08000142   0x00000002   PAD
    0x08000144   0x08000144   0x0000001c   Code   RO         1493    !!handler_zi        c_w.l(__scatter_zi.o)
    0x08000160   0x08000160   0x00000002   Code   RO         1353    .ARM.Collect$$libinit$$00000000  c_w.l(libinit.o)
    0x08000162   0x08000162   0x00000000   Code   RO         1360    .ARM.Collect$$libinit$$00000002  c_w.l(libinit2.o)
    0x08000162   0x08000162   0x00000000   Code   RO         1362    .ARM.Collect$$libinit$$00000004  c_w.l(libinit2.o)
    0x08000162   0x08000162   0x00000000   Code   RO         1365    .ARM.Collect$$libinit$$0000000A  c_w.l(libinit2.o)
    0x08000162   0x08000162   0x00000000   Code   RO         1367    .ARM.Collect$$libinit$$0000000C  c_w.l(libinit2.o)
    0x08000162   0x08000162   0x00000000   Code   RO         1369    .ARM.Collect$$libinit$$0000000E  c_w.l(libinit2.o)
    0x08000162   0x08000162   0x00000000   Code   RO         1372    .ARM.Collect$$libinit$$00000011  c_w.l(libinit2.o)
    0x08000162   0x08000162   0x00000000   Code   RO         1374    .ARM.Collect$$libinit$$00000013  c_w.l(libinit2.o)
    0x08000162   0x08000162   0x00000000   Code   RO         1376    .ARM.Collect$$libinit$$00000015  c_w.l(libinit2.o)
    0x08000162   0x08000162   0x00000000   Code   RO         1378    .ARM.Collect$$libinit$$00000017  c_w.l(libinit2.o)
    0x08000162   0x08000162   0x00000000   Code   RO         1380    .ARM.Collect$$libinit$$00000019  c_w.l(libinit2.o)
    0x08000162   0x08000162   0x00000000   Code   RO         1382    .ARM.Collect$$libinit$$0000001B  c_w.l(libinit2.o)
    0x08000162   0x08000162   0x00000000   Code   RO         1384    .ARM.Collect$$libinit$$0000001D  c_w.l(libinit2.o)
    0x08000162   0x08000162   0x00000000   Code   RO         1386    .ARM.Collect$$libinit$$0000001F  c_w.l(libinit2.o)
    0x08000162   0x08000162   0x00000000   Code   RO         1388    .ARM.Collect$$libinit$$00000021  c_w.l(libinit2.o)
    0x08000162   0x08000162   0x00000000   Code   RO         1390    .ARM.Collect$$libinit$$00000023  c_w.l(libinit2.o)
    0x08000162   0x08000162   0x00000000   Code   RO         1392    .ARM.Collect$$libinit$$00000025  c_w.l(libinit2.o)
    0x08000162   0x08000162   0x00000000   Code   RO         1396    .ARM.Collect$$libinit$$0000002C  c_w.l(libinit2.o)
    0x08000162   0x08000162   0x00000000   Code   RO         1398    .ARM.Collect$$libinit$$0000002E  c_w.l(libinit2.o)
    0x08000162   0x08000162   0x00000000   Code   RO         1400    .ARM.Collect$$libinit$$00000030  c_w.l(libinit2.o)
    0x08000162   0x08000162   0x00000000   Code   RO         1402    .ARM.Collect$$libinit$$00000032  c_w.l(libinit2.o)
    0x08000162   0x08000162   0x00000002   Code   RO         1403    .ARM.Collect$$libinit$$00000033  c_w.l(libinit2.o)
    0x08000164   0x08000164   0x00000002   Code   RO         1425    .ARM.Collect$$libshutdown$$00000000  c_w.l(libshutdown.o)
    0x08000166   0x08000166   0x00000000   Code   RO         1440    .ARM.Collect$$libshutdown$$00000002  c_w.l(libshutdown2.o)
    0x08000166   0x08000166   0x00000000   Code   RO         1442    .ARM.Collect$$libshutdown$$00000004  c_w.l(libshutdown2.o)
    0x08000166   0x08000166   0x00000000   Code   RO         1445    .ARM.Collect$$libshutdown$$00000007  c_w.l(libshutdown2.o)
    0x08000166   0x08000166   0x00000000   Code   RO         1448    .ARM.Collect$$libshutdown$$0000000A  c_w.l(libshutdown2.o)
    0x08000166   0x08000166   0x00000000   Code   RO         1450    .ARM.Collect$$libshutdown$$0000000C  c_w.l(libshutdown2.o)
    0x08000166   0x08000166   0x00000000   Code   RO         1453    .ARM.Collect$$libshutdown$$0000000F  c_w.l(libshutdown2.o)
    0x08000166   0x08000166   0x00000002   Code   RO         1454    .ARM.Collect$$libshutdown$$00000010  c_w.l(libshutdown2.o)
    0x08000168   0x08000168   0x00000000   Code   RO         1326    .ARM.Collect$$rtentry$$00000000  c_w.l(__rtentry.o)
    0x08000168   0x08000168   0x00000000   Code   RO         1330    .ARM.Collect$$rtentry$$00000002  c_w.l(__rtentry2.o)
    0x08000168   0x08000168   0x00000006   Code   RO         1342    .ARM.Collect$$rtentry$$00000004  c_w.l(__rtentry4.o)
    0x0800016e   0x0800016e   0x00000000   Code   RO         1332    .ARM.Collect$$rtentry$$00000009  c_w.l(__rtentry2.o)
    0x0800016e   0x0800016e   0x00000004   Code   RO         1333    .ARM.Collect$$rtentry$$0000000A  c_w.l(__rtentry2.o)
    0x08000172   0x08000172   0x00000000   Code   RO         1335    .ARM.Collect$$rtentry$$0000000C  c_w.l(__rtentry2.o)
    0x08000172   0x08000172   0x00000008   Code   RO         1336    .ARM.Collect$$rtentry$$0000000D  c_w.l(__rtentry2.o)
    0x0800017a   0x0800017a   0x00000002   Code   RO         1357    .ARM.Collect$$rtexit$$00000000  c_w.l(rtexit.o)
    0x0800017c   0x0800017c   0x00000000   Code   RO         1405    .ARM.Collect$$rtexit$$00000002  c_w.l(rtexit2.o)
    0x0800017c   0x0800017c   0x00000004   Code   RO         1406    .ARM.Collect$$rtexit$$00000003  c_w.l(rtexit2.o)
    0x08000180   0x08000180   0x00000006   Code   RO         1407    .ARM.Collect$$rtexit$$00000004  c_w.l(rtexit2.o)
    0x08000186   0x08000186   0x00000002   PAD
    0x08000188   0x08000188   0x00000040   Code   RO            4    .text               startup_stm32f103xb.o
    0x080001c8   0x080001c8   0x0000008a   Code   RO         1318    .text               c_w.l(rt_memcpy_v6.o)
    0x08000252   0x08000252   0x0000004e   Code   RO         1320    .text               c_w.l(rt_memclr_w.o)
    0x080002a0   0x080002a0   0x00000006   Code   RO         1322    .text               c_w.l(heapauxi.o)
    0x080002a6   0x080002a6   0x00000064   Code   RO         1327    .text               c_w.l(rt_memcpy_w.o)
    0x0800030a   0x0800030a   0x0000004a   Code   RO         1344    .text               c_w.l(sys_stackheap_outer.o)
    0x08000354   0x08000354   0x00000012   Code   RO         1346    .text               c_w.l(exit.o)
    0x08000366   0x08000366   0x00000002   PAD
    0x08000368   0x08000368   0x00000008   Code   RO         1354    .text               c_w.l(libspace.o)
    0x08000370   0x08000370   0x0000000c   Code   RO         1415    .text               c_w.l(sys_exit.o)
    0x0800037c   0x0800037c   0x00000002   Code   RO         1430    .text               c_w.l(use_no_semi.o)
    0x0800037e   0x0800037e   0x00000000   Code   RO         1432    .text               c_w.l(indicate_semi.o)
    0x0800037e   0x0800037e   0x00000002   PAD
    0x08000380   0x08000380   0x00000004   Code   RO           47    .text.BusFault_Handler  stm32f1xx_it.o
    0x08000384   0x08000384   0x00000002   Code   RO           53    .text.DebugMon_Handler  stm32f1xx_it.o
    0x08000386   0x08000386   0x00000002   PAD
    0x08000388   0x08000388   0x00000004   Code   RO           31    .text.Error_Handler  main.o
    0x0800038c   0x0800038c   0x0000002c   Code   RO          433    .text.FLASH_MassErase  stm32f1xx_hal_flash_ex.o
    0x080003b8   0x080003b8   0x00000038   Code   RO          435    .text.FLASH_PageErase  stm32f1xx_hal_flash_ex.o
    0x080003f0   0x080003f0   0x00000030   Code   RO          399    .text.FLASH_Program_HalfWord  stm32f1xx_hal_flash.o
    0x08000420   0x08000420   0x0000010e   Code   RO          405    .text.FLASH_SetErrorCode  stm32f1xx_hal_flash.o
    0x0800052e   0x0800052e   0x00000002   PAD
    0x08000530   0x08000530   0x00000118   Code   RO          397    .text.FLASH_WaitForLastOperation  stm32f1xx_hal_flash.o
    0x08000648   0x08000648   0x0000007c   Code   RO          264    .text.HAL_DMA_Abort  stm32f1xx_hal_dma.o
    0x080006c4   0x080006c4   0x0000011c   Code   RO          266    .text.HAL_DMA_Abort_IT  stm32f1xx_hal_dma.o
    0x080007e0   0x080007e0   0x0000010a   Code   RO          431    .text.HAL_FLASHEx_Erase  stm32f1xx_hal_flash_ex.o
    0x080008ea   0x080008ea   0x00000002   PAD
    0x080008ec   0x080008ec   0x00000014   Code   RO          413    .text.HAL_FLASH_Lock  stm32f1xx_hal_flash.o
    0x08000900   0x08000900   0x0000012c   Code   RO          395    .text.HAL_FLASH_Program  stm32f1xx_hal_flash.o
    0x08000a2c   0x08000a2c   0x0000005a   Code   RO          411    .text.HAL_FLASH_Unlock  stm32f1xx_hal_flash.o
    0x08000a86   0x08000a86   0x00000002   PAD
    0x08000a88   0x08000a88   0x0000031e   Code   RO          231    .text.HAL_GPIO_Init  stm32f1xx_hal_gpio.o
    0x08000da6   0x08000da6   0x00000002   PAD
    0x08000da8   0x08000da8   0x0000002e   Code   RO          235    .text.HAL_GPIO_ReadPin  stm32f1xx_hal_gpio.o
    0x08000dd6   0x08000dd6   0x00000002   PAD
    0x08000dd8   0x08000dd8   0x00000026   Code   RO          239    .text.HAL_GPIO_TogglePin  stm32f1xx_hal_gpio.o
    0x08000dfe   0x08000dfe   0x00000002   PAD
    0x08000e00   0x08000e00   0x0000002e   Code   RO          237    .text.HAL_GPIO_WritePin  stm32f1xx_hal_gpio.o
    0x08000e2e   0x08000e2e   0x00000002   PAD
    0x08000e30   0x08000e30   0x0000000c   Code   RO          129    .text.HAL_GetTick   stm32f1xx_hal.o
    0x08000e3c   0x08000e3c   0x0000001a   Code   RO          127    .text.HAL_IncTick   stm32f1xx_hal.o
    0x08000e56   0x08000e56   0x00000002   PAD
    0x08000e58   0x08000e58   0x0000002c   Code   RO          117    .text.HAL_Init      stm32f1xx_hal.o
    0x08000e84   0x08000e84   0x00000070   Code   RO          119    .text.HAL_InitTick  stm32f1xx_hal.o
    0x08000ef4   0x08000ef4   0x00000064   Code   RO           74    .text.HAL_MspInit   stm32f1xx_hal_msp.o
    0x08000f58   0x08000f58   0x00000014   Code   RO          299    .text.HAL_NVIC_EnableIRQ  stm32f1xx_hal_cortex.o
    0x08000f6c   0x08000f6c   0x00000032   Code   RO          291    .text.HAL_NVIC_SetPriority  stm32f1xx_hal_cortex.o
    0x08000f9e   0x08000f9e   0x00000002   PAD
    0x08000fa0   0x08000fa0   0x00000010   Code   RO          287    .text.HAL_NVIC_SetPriorityGrouping  stm32f1xx_hal_cortex.o
    0x08000fb0   0x08000fb0   0x00000256   Code   RO          183    .text.HAL_RCC_ClockConfig  stm32f1xx_hal_rcc.o
    0x08001206   0x08001206   0x00000002   PAD
    0x08001208   0x08001208   0x0000000c   Code   RO          193    .text.HAL_RCC_GetHCLKFreq  stm32f1xx_hal_rcc.o
    0x08001214   0x08001214   0x00000022   Code   RO          195    .text.HAL_RCC_GetPCLK1Freq  stm32f1xx_hal_rcc.o
    0x08001236   0x08001236   0x00000002   PAD
    0x08001238   0x08001238   0x00000022   Code   RO          197    .text.HAL_RCC_GetPCLK2Freq  stm32f1xx_hal_rcc.o
    0x0800125a   0x0800125a   0x00000002   PAD
    0x0800125c   0x0800125c   0x000000e4   Code   RO          185    .text.HAL_RCC_GetSysClockFreq  stm32f1xx_hal_rcc.o
    0x08001340   0x08001340   0x0000067a   Code   RO          179    .text.HAL_RCC_OscConfig  stm32f1xx_hal_rcc.o
    0x080019ba   0x080019ba   0x00000002   PAD
    0x080019bc   0x080019bc   0x00000010   Code   RO          311    .text.HAL_SYSTICK_Config  stm32f1xx_hal_cortex.o
    0x080019cc   0x080019cc   0x00000008   Code   RO          818    .text.HAL_TIMEx_BreakCallback  stm32f1xx_hal_tim_ex.o
    0x080019d4   0x080019d4   0x00000008   Code   RO          814    .text.HAL_TIMEx_CommutCallback  stm32f1xx_hal_tim_ex.o
    0x080019dc   0x080019dc   0x000000dc   Code   RO          808    .text.HAL_TIMEx_MasterConfigSynchronization  stm32f1xx_hal_tim_ex.o
    0x08001ab8   0x08001ab8   0x0000009c   Code   RO          495    .text.HAL_TIM_Base_Init  stm32f1xx_hal_tim.o
    0x08001b54   0x08001b54   0x000000e4   Code   RO           76    .text.HAL_TIM_Base_MspInit  stm32f1xx_hal_msp.o
    0x08001c38   0x08001c38   0x000000a4   Code   RO          505    .text.HAL_TIM_Base_Start  stm32f1xx_hal_tim.o
    0x08001cdc   0x08001cdc   0x000000b0   Code   RO          509    .text.HAL_TIM_Base_Start_IT  stm32f1xx_hal_tim.o
    0x08001d8c   0x08001d8c   0x00000176   Code   RO          687    .text.HAL_TIM_ConfigClockSource  stm32f1xx_hal_tim.o
    0x08001f02   0x08001f02   0x00000002   PAD
    0x08001f04   0x08001f04   0x00000008   Code   RO          631    .text.HAL_TIM_IC_CaptureCallback  stm32f1xx_hal_tim.o
    0x08001f0c   0x08001f0c   0x0000027a   Code   RO          629    .text.HAL_TIM_IRQHandler  stm32f1xx_hal_tim.o
    0x08002186   0x08002186   0x00000002   PAD
    0x08002188   0x08002188   0x00000130   Code   RO           78    .text.HAL_TIM_MspPostInit  stm32f1xx_hal_msp.o
    0x080022b8   0x080022b8   0x00000008   Code   RO          633    .text.HAL_TIM_OC_DelayElapsedCallback  stm32f1xx_hal_tim.o
    0x080022c0   0x080022c0   0x00000134   Code   RO          661    .text.HAL_TIM_PWM_ConfigChannel  stm32f1xx_hal_tim.o
    0x080023f4   0x080023f4   0x0000009c   Code   RO          549    .text.HAL_TIM_PWM_Init  stm32f1xx_hal_tim.o
    0x08002490   0x08002490   0x00000008   Code   RO          551    .text.HAL_TIM_PWM_MspInit  stm32f1xx_hal_tim.o
    0x08002498   0x08002498   0x00000008   Code   RO          635    .text.HAL_TIM_PWM_PulseFinishedCallback  stm32f1xx_hal_tim.o
    0x080024a0   0x080024a0   0x00000160   Code   RO          557    .text.HAL_TIM_PWM_Start  stm32f1xx_hal_tim.o
    0x08002600   0x08002600   0x000000e4   Code   RO          559    .text.HAL_TIM_PWM_Stop  stm32f1xx_hal_tim.o
    0x080026e4   0x080026e4   0x0000002e   Code   RO         1103    .text.HAL_TIM_PeriodElapsedCallback  program.o
    0x08002712   0x08002712   0x00000002   PAD
    0x08002714   0x08002714   0x00000008   Code   RO          639    .text.HAL_TIM_TriggerCallback  stm32f1xx_hal_tim.o
    0x0800271c   0x0800271c   0x0000000c   Code   RO          921    .text.HAL_UARTEx_RxEventCallback  stm32f1xx_hal_uart.o
    0x08002728   0x08002728   0x000000e4   Code   RO         1113    .text.HAL_UART_ErrorCallback  program.o
    0x0800280c   0x0800280c   0x00000344   Code   RO          913    .text.HAL_UART_IRQHandler  stm32f1xx_hal_uart.o
    0x08002b50   0x08002b50   0x0000009a   Code   RO          831    .text.HAL_UART_Init  stm32f1xx_hal_uart.o
    0x08002bea   0x08002bea   0x00000002   PAD
    0x08002bec   0x08002bec   0x000001e2   Code   RO           82    .text.HAL_UART_MspInit  stm32f1xx_hal_msp.o
    0x08002dce   0x08002dce   0x00000002   PAD
    0x08002dd0   0x08002dd0   0x00000078   Code   RO          855    .text.HAL_UART_Receive_IT  stm32f1xx_hal_uart.o
    0x08002e48   0x08002e48   0x00000128   Code   RO         1105    .text.HAL_UART_RxCpltCallback  program.o
    0x08002f70   0x08002f70   0x000000a2   Code   RO          853    .text.HAL_UART_Transmit_IT  stm32f1xx_hal_uart.o
    0x08003012   0x08003012   0x00000002   PAD
    0x08003014   0x08003014   0x00000008   Code   RO          927    .text.HAL_UART_TxCpltCallback  stm32f1xx_hal_uart.o
    0x0800301c   0x0800301c   0x00000004   Code   RO           43    .text.HardFault_Handler  stm32f1xx_it.o
    0x08003020   0x08003020   0x00000080   Code   RO         1065    .text.IR_Send       program.o
    0x080030a0   0x080030a0   0x0000017e   Code   RO           15    .text.MX_GPIO_Init  main.o
    0x0800321e   0x0800321e   0x00000002   PAD
    0x08003220   0x08003220   0x0000008c   Code   RO           21    .text.MX_TIM1_Init  main.o
    0x080032ac   0x080032ac   0x000000ec   Code   RO           27    .text.MX_TIM2_Init  main.o
    0x08003398   0x08003398   0x00000126   Code   RO           23    .text.MX_TIM3_Init  main.o
    0x080034be   0x080034be   0x00000002   PAD
    0x080034c0   0x080034c0   0x000000f2   Code   RO           29    .text.MX_TIM4_Init  main.o
    0x080035b2   0x080035b2   0x00000002   PAD
    0x080035b4   0x080035b4   0x00000040   Code   RO           17    .text.MX_USART1_UART_Init  main.o
    0x080035f4   0x080035f4   0x00000040   Code   RO           19    .text.MX_USART2_UART_Init  main.o
    0x08003634   0x08003634   0x00000040   Code   RO           25    .text.MX_USART3_UART_Init  main.o
    0x08003674   0x08003674   0x00000004   Code   RO           45    .text.MemManage_Handler  stm32f1xx_it.o
    0x08003678   0x08003678   0x00000002   Code   RO           41    .text.NMI_Handler   stm32f1xx_it.o
    0x0800367a   0x0800367a   0x00000002   PAD
    0x0800367c   0x0800367c   0x0000006c   Code   RO          297    .text.NVIC_EncodePriority  stm32f1xx_hal_cortex.o
    0x080036e8   0x080036e8   0x00000002   Code   RO           55    .text.PendSV_Handler  stm32f1xx_it.o
    0x080036ea   0x080036ea   0x00000002   PAD
    0x080036ec   0x080036ec   0x0000003a   Code   RO          181    .text.RCC_Delay     stm32f1xx_hal_rcc.o
    0x08003726   0x08003726   0x00000002   PAD
    0x08003728   0x08003728   0x00000002   Code   RO           51    .text.SVC_Handler   stm32f1xx_it.o
    0x0800372a   0x0800372a   0x00000002   PAD
    0x0800372c   0x0800372c   0x00000052   Code   RO          313    .text.SysTick_Config  stm32f1xx_hal_cortex.o
    0x0800377e   0x0800377e   0x00000002   PAD
    0x08003780   0x08003780   0x00000008   Code   RO           57    .text.SysTick_Handler  stm32f1xx_it.o
    0x08003788   0x08003788   0x00000070   Code   RO           13    .text.SystemClock_Config  main.o
    0x080037f8   0x080037f8   0x00000060   Code   RO          960    .text.SystemInit    system_stm32f1xx.o
    0x08003858   0x08003858   0x00000010   Code   RO           59    .text.TIM1_UP_IRQHandler  stm32f1xx_it.o
    0x08003868   0x08003868   0x000000f0   Code   RO          499    .text.TIM_Base_SetConfig  stm32f1xx_hal_tim.o
    0x08003958   0x08003958   0x00000036   Code   RO          533    .text.TIM_CCxChannelCmd  stm32f1xx_hal_tim.o
    0x0800398e   0x0800398e   0x00000002   PAD
    0x08003990   0x08003990   0x00000034   Code   RO          685    .text.TIM_ETR_SetConfig  stm32f1xx_hal_tim.o
    0x080039c4   0x080039c4   0x0000002a   Code   RO          691    .text.TIM_ITRx_SetConfig  stm32f1xx_hal_tim.o
    0x080039ee   0x080039ee   0x00000002   PAD
    0x080039f0   0x080039f0   0x000000ce   Code   RO          643    .text.TIM_OC1_SetConfig  stm32f1xx_hal_tim.o
    0x08003abe   0x08003abe   0x00000002   PAD
    0x08003ac0   0x08003ac0   0x000000d8   Code   RO          645    .text.TIM_OC2_SetConfig  stm32f1xx_hal_tim.o
    0x08003b98   0x08003b98   0x000000d6   Code   RO          647    .text.TIM_OC3_SetConfig  stm32f1xx_hal_tim.o
    0x08003c6e   0x08003c6e   0x00000002   PAD
    0x08003c70   0x08003c70   0x00000096   Code   RO          649    .text.TIM_OC4_SetConfig  stm32f1xx_hal_tim.o
    0x08003d06   0x08003d06   0x00000002   PAD
    0x08003d08   0x08003d08   0x00000050   Code   RO          689    .text.TIM_TI1_ConfigInputStage  stm32f1xx_hal_tim.o
    0x08003d58   0x08003d58   0x00000052   Code   RO          693    .text.TIM_TI2_ConfigInputStage  stm32f1xx_hal_tim.o
    0x08003daa   0x08003daa   0x00000002   PAD
    0x08003dac   0x08003dac   0x00000020   Code   RO          917    .text.UART_DMAAbortOnError  stm32f1xx_hal_uart.o
    0x08003dcc   0x08003dcc   0x00000046   Code   RO          879    .text.UART_EndRxTransfer  stm32f1xx_hal_uart.o
    0x08003e12   0x08003e12   0x00000002   PAD
    0x08003e14   0x08003e14   0x00000026   Code   RO          925    .text.UART_EndTransmit_IT  stm32f1xx_hal_uart.o
    0x08003e3a   0x08003e3a   0x00000002   PAD
    0x08003e3c   0x08003e3c   0x0000014a   Code   RO          915    .text.UART_Receive_IT  stm32f1xx_hal_uart.o
    0x08003f86   0x08003f86   0x00000002   PAD
    0x08003f88   0x08003f88   0x000000ba   Code   RO          835    .text.UART_SetConfig  stm32f1xx_hal_uart.o
    0x08004042   0x08004042   0x00000002   PAD
    0x08004044   0x08004044   0x00000064   Code   RO          857    .text.UART_Start_Receive_IT  stm32f1xx_hal_uart.o
    0x080040a8   0x080040a8   0x00000094   Code   RO          923    .text.UART_Transmit_IT  stm32f1xx_hal_uart.o
    0x0800413c   0x0800413c   0x00000010   Code   RO           61    .text.USART1_IRQHandler  stm32f1xx_it.o
    0x0800414c   0x0800414c   0x00000010   Code   RO           63    .text.USART2_IRQHandler  stm32f1xx_it.o
    0x0800415c   0x0800415c   0x00000010   Code   RO           65    .text.USART3_IRQHandler  stm32f1xx_it.o
    0x0800416c   0x0800416c   0x0000007a   Code   RO         1101    .text.Upper         program.o
    0x080041e6   0x080041e6   0x00000002   PAD
    0x080041e8   0x080041e8   0x00000004   Code   RO           49    .text.UsageFault_Handler  stm32f1xx_it.o
    0x080041ec   0x080041ec   0x00000030   Code   RO          301    .text.__NVIC_EnableIRQ  stm32f1xx_hal_cortex.o
    0x0800421c   0x0800421c   0x00000010   Code   RO          293    .text.__NVIC_GetPriorityGrouping  stm32f1xx_hal_cortex.o
    0x0800422c   0x0800422c   0x00000042   Code   RO          295    .text.__NVIC_SetPriority  stm32f1xx_hal_cortex.o
    0x0800426e   0x0800426e   0x00000002   PAD
    0x08004270   0x08004270   0x0000003c   Code   RO          289    .text.__NVIC_SetPriorityGrouping  stm32f1xx_hal_cortex.o
    0x080042ac   0x080042ac   0x0000013c   Code   RO         1069    .text.ascii2bin     program.o
    0x080043e8   0x080043e8   0x000000ba   Code   RO         1091    .text.bin2ascii     program.o
    0x080044a2   0x080044a2   0x00000002   PAD
    0x080044a4   0x080044a4   0x000000ca   Code   RO         1093    .text.bin2ascii_v2  program.o
    0x0800456e   0x0800456e   0x00000002   PAD
    0x08004570   0x08004570   0x0000000c   Code   RO         1035    .text.car_stop      program.o
    0x0800457c   0x0800457c   0x0000009a   Code   RO         1087    .text.check_checksume16  program.o
    0x08004616   0x08004616   0x00000002   PAD
    0x08004618   0x08004618   0x000000aa   Code   RO         1089    .text.check_crc16   program.o
    0x080046c2   0x080046c2   0x00000002   PAD
    0x080046c4   0x080046c4   0x000001d6   Code   RO         1017    .text.drive_xe      program.o
    0x0800489a   0x0800489a   0x00000002   PAD
    0x0800489c   0x0800489c   0x00000040   Code   RO          984    .text.flash_eraseV2  flashv2.o
    0x080048dc   0x080048dc   0x00000044   Code   RO          976    .text.flash_erase_bootloader  flashv2.o
    0x08004920   0x08004920   0x00000084   Code   RO          982    .text.flash_read    flashv2.o
    0x080049a4   0x080049a4   0x000000c0   Code   RO          978    .text.flash_write   flashv2.o
    0x08004a64   0x08004a64   0x000000c2   Code   RO          980    .text.flash_writeV2  flashv2.o
    0x08004b26   0x08004b26   0x00000002   PAD
    0x08004b28   0x08004b28   0x00000106   Code   RO         1085    .text.get_data_flash  program.o
    0x08004c2e   0x08004c2e   0x00000002   PAD
    0x08004c30   0x08004c30   0x00000092   Code   RO         1077    .text.get_fact      program.o
    0x08004cc2   0x08004cc2   0x00000002   PAD
    0x08004cc4   0x08004cc4   0x000000a6   Code   RO         1015    .text.get_status_rasp  program.o
    0x08004d6a   0x08004d6a   0x00000002   PAD
    0x08004d6c   0x08004d6c   0x0000008e   Code   RO          999    .text.init_data     program.o
    0x08004dfa   0x08004dfa   0x00000002   PAD
    0x08004dfc   0x08004dfc   0x00000080   Code   RO         1001    .text.init_drive    program.o
    0x08004e7c   0x08004e7c   0x0000026c   Code   RO         1021    .text.init_fact     program.o
    0x080050e8   0x080050e8   0x0000003a   Code   RO         1053    .text.left_stop     program.o
    0x08005122   0x08005122   0x00000002   PAD
    0x08005124   0x08005124   0x0000002e   Code   RO         1039    .text.left_up       program.o
    0x08005152   0x08005152   0x00000002   PAD
    0x08005154   0x08005154   0x00000094   Code   RO           11    .text.main          main.o
    0x080051e8   0x080051e8   0x0000006a   Code   RO         1009    .text.mem_set       program.o
    0x08005252   0x08005252   0x00000002   PAD
    0x08005254   0x08005254   0x00000308   Code   RO         1005    .text.opera         program.o
    0x0800555c   0x0800555c   0x000000d6   Code   RO          997    .text.program       program.o
    0x08005632   0x08005632   0x00000002   PAD
    0x08005634   0x08005634   0x000005a4   Code   RO         1019    .text.pwm_drive_opera  program.o
    0x08005bd8   0x08005bd8   0x000000be   Code   RO         1031    .text.read_fact     program.o
    0x08005c96   0x08005c96   0x00000002   PAD
    0x08005c98   0x08005c98   0x0000005c   Code   RO         1003    .text.read_fact_read_address  program.o
    0x08005cf4   0x08005cf4   0x0000003a   Code   RO         1055    .text.right_stop    program.o
    0x08005d2e   0x08005d2e   0x00000002   PAD
    0x08005d30   0x08005d30   0x0000002e   Code   RO         1037    .text.right_up      program.o
    0x08005d5e   0x08005d5e   0x00000002   PAD
    0x08005d60   0x08005d60   0x000000fc   Code   RO         1079    .text.send_fact     program.o
    0x08005e5c   0x08005e5c   0x000000fe   Code   RO         1073    .text.send_version  program.o
    0x08005f5a   0x08005f5a   0x00000002   PAD
    0x08005f5c   0x08005f5c   0x000001fc   Code   RO         1011    .text.serial2_comm  program.o
    0x08006158   0x08006158   0x00000100   Code   RO         1013    .text.serial3_communication  program.o
    0x08006258   0x08006258   0x00000096   Code   RO         1063    .text.set_duty      program.o
    0x080062ee   0x080062ee   0x00000002   PAD
    0x080062f0   0x080062f0   0x0000001a   Code   RO         1061    .text.set_freq      program.o
    0x0800630a   0x0800630a   0x00000002   PAD
    0x0800630c   0x0800630c   0x0000007e   Code   RO         1067    .text.set_ir_send_must_ok  program.o
    0x0800638a   0x0800638a   0x00000002   PAD
    0x0800638c   0x0800638c   0x00000038   Code   RO         1025    .text.setup_run_th  program.o
    0x080063c4   0x080063c4   0x00000050   Code   RO         1071    .text.string_compera  program.o
    0x08006414   0x08006414   0x00000262   Code   RO         1023    .text.timer_couter  program.o
    0x08006676   0x08006676   0x00000002   PAD
    0x08006678   0x08006678   0x000000f8   Code   RO         1075    .text.u2_send_addr_data_str  program.o
    0x08006770   0x08006770   0x000000b8   Code   RO         1081    .text.u2_send_str   program.o
    0x08006828   0x08006828   0x00000060   Code   RO         1051    .text.uart2_send_buff  program.o
    0x08006888   0x08006888   0x0000006a   Code   RO         1083    .text.uart2_send_nak  program.o
    0x080068f2   0x080068f2   0x00000002   PAD
    0x080068f4   0x080068f4   0x0000007a   Code   RO         1027    .text.uart2_send_string  program.o
    0x0800696e   0x0800696e   0x00000002   PAD
    0x08006970   0x08006970   0x0000084c   Code   RO         1007    .text.uart2_with_due  program.o
    0x080071bc   0x080071bc   0x000002ce   Code   RO         1099    .text.utf8_to_ascii  program.o
    0x0800748a   0x0800748a   0x00000002   PAD
    0x0800748c   0x0800748c   0x0000002c   Code   RO         1029    .text.write_fact    program.o
    0x080074b8   0x080074b8   0x00000010   Data   RO          965    .rodata.AHBPrescTable  system_stm32f1xx.o
    0x080074c8   0x080074c8   0x00000008   Data   RO          966    .rodata.APBPrescTable  system_stm32f1xx.o
    0x080074d0   0x080074d0   0x00000018   Data   RO         1308    .rodata.model_tab   table.o
    0x080074e8   0x080074e8   0x000000ed   Data   RO         1127    .rodata.str1.1      program.o
    0x080075d5   0x080075d5   0x00000001   PAD
    0x080075d6   0x080075d6   0x000000b8   Data   RO         1311    .rodata.utf8_vi_2byte_tab  table.o
    0x0800768e   0x0800768e   0x0000016c   Data   RO         1310    .rodata.utf8_vi_3byte_tab  table.o
    0x080077fa   0x080077fa   0x00000002   PAD
    0x080077fc   0x080077fc   0x00000020   Data   RO         1488    Region$$Table       anon$$obj.o


    Execution Region RW_IRAM1 (Exec base: 0x20000000, Load base: 0x08007820, Size: 0x00001db8, Max: 0x00005000, ABSOLUTE)

    Exec Addr    Load Addr    Size         Type   Attr      Idx    E Section Name        Object

    0x20000000   0x08007820   0x00000004   Data   RW          964    .data.SystemCoreClock  system_stm32f1xx.o
    0x20000004   0x08007824   0x00000001   Data   RW          168    .data.uwTickFreq    stm32f1xx_hal.o
    0x20000005   0x08007825   0x00000003   PAD
    0x20000008   0x08007828   0x00000004   Data   RW          167    .data.uwTickPrio    stm32f1xx_hal.o
    0x2000000c   0x0800782c   0x00000004   PAD
    0x20000010        -       0x00000060   Zero   RW         1355    .bss                c_w.l(libspace.o)
    0x20000070        -       0x00000005   Zero   RW         1179    .bss.IR_Format      ram.o
    0x20000075        -       0x00000001   Zero   RW         1200    .bss.addr_module    ram.o
    0x20000076        -       0x00000001   Zero   RW         1259    .bss.adjust_on_flg  ram.o
    0x20000077        -       0x00000001   Zero   RW         1260    .bss.adjust_set_mode  ram.o
    0x20000078        -       0x00000080   Zero   RW         1171    .bss.bluetooth_buff  ram.o
    0x200000f8        -       0x00000001   Zero   RW         1173    .bss.bluetooth_flg  ram.o
    0x200000f9   0x0800782c   0x00000001   PAD
    0x200000fa        -       0x00000002   Zero   RW         1172    .bss.bluetooth_len  ram.o
    0x200000fc        -       0x00000004   Zero   RW         1252    .bss.bootloader_addr  ram.o
    0x20000100        -       0x00000004   Zero   RW         1253    .bss.bootloader_basic_addr  ram.o
    0x20000104        -       0x00000400   Zero   RW         1254    .bss.bootloader_buff  ram.o
    0x20000504        -       0x00000001   Zero   RW         1255    .bss.bootloader_error_flg  ram.o
    0x20000505   0x0800782c   0x00000003   PAD
    0x20000508        -       0x00000004   Zero   RW         1250    .bss.bootloader_len  ram.o
    0x2000050c        -       0x00000002   Zero   RW         1248    .bss.bootloader_tm  ram.o
    0x2000050e        -       0x00000002   Zero   RW         1290    .bss.buff_file      ram.o
    0x20000510        -       0x00000008   Zero   RW         1289    .bss.buff_test      ram.o
    0x20000518        -       0x00000001   Zero   RW         1273    .bss.car_back_flg   ram.o
    0x20000519        -       0x00000001   Zero   RW         1272    .bss.car_not_get_ir_flg  ram.o
    0x2000051a        -       0x00000001   Zero   RW         1277    .bss.car_run_ena    ram.o
    0x2000051b        -       0x00000001   Zero   RW         1265    .bss.car_run_mode   ram.o
    0x2000051c        -       0x00000001   Zero   RW         1266    .bss.car_run_mode_bk  ram.o
    0x2000051d        -       0x00000001   Zero   RW         1267    .bss.car_run_mode_seq  ram.o
    0x2000051e        -       0x00000001   Zero   RW         1268    .bss.car_run_mode_seq_tm  ram.o
    0x2000051f   0x0800782c   0x00000001   PAD
    0x20000520        -       0x00000002   Zero   RW         1269    .bss.car_run_mode_tm  ram.o
    0x20000522        -       0x00000001   Zero   RW         1275    .bss.car_run_up_down_flg  ram.o
    0x20000523        -       0x00000001   Zero   RW         1276    .bss.car_run_up_down_flg_bk  ram.o
    0x20000524        -       0x00000001   Zero   RW         1274    .bss.car_start_flg  ram.o
    0x20000525        -       0x00000001   Zero   RW         1278    .bss.car_start_run_flg  ram.o
    0x20000526        -       0x00000002   Zero   RW         1286    .bss.car_tm         ram.o
    0x20000528        -       0x00000004   Zero   RW         1201    .bss.clockCouter    ram.o
    0x2000052c        -       0x0000001f   Zero   RW         1256    .bss.drive          ram.o
    0x2000054b        -       0x0000001f   Zero   RW         1257    .bss.drive_bk       ram.o
    0x2000056a        -       0x00000002   Zero   RW         1258    .bss.drive_tm       ram.o
    0x2000056c        -       0x00000002   Zero   RW         1196    .bss.driver_run_more_tm  ram.o
    0x2000056e        -       0x00000100   Zero   RW         1244    .bss.fact           ram.o
    0x2000066e        -       0x00000100   Zero   RW         1245    .bss.fact_bk        ram.o
    0x2000076e        -       0x00000001   Zero   RW         1247    .bss.fact_write_tm  ram.o
    0x2000076f        -       0x00000001   Zero   RW         1261    .bss.flash_erase_flg  ram.o
    0x20000770        -       0x00000002   Zero   RW         1236    .bss.grb_stanby_tm  ram.o
    0x20000772   0x0800782c   0x00000002   PAD
    0x20000774        -       0x00000048   Zero   RW         1135    .bss.htim1          ram.o
    0x200007bc        -       0x00000001   Zero   RW         1143    .bss.htim1_flg      ram.o
    0x200007bd   0x0800782c   0x00000003   PAD
    0x200007c0        -       0x00000048   Zero   RW         1136    .bss.htim2          ram.o
    0x20000808        -       0x00000048   Zero   RW         1137    .bss.htim3          ram.o
    0x20000850        -       0x00000048   Zero   RW         1138    .bss.htim4          ram.o
    0x20000898        -       0x00000044   Zero   RW         1139    .bss.huart1         ram.o
    0x200008dc        -       0x00000044   Zero   RW         1140    .bss.huart2         ram.o
    0x20000920        -       0x00000044   Zero   RW         1141    .bss.huart3         ram.o
    0x20000964        -       0x00000001   Zero   RW         1186    .bss.ir_chk_flg     ram.o
    0x20000965        -       0x00000001   Zero   RW         1194    .bss.ir_new_data_flg  ram.o
    0x20000966        -       0x00000001   Zero   RW         1195    .bss.ir_new_data_type  ram.o
    0x20000967        -       0x00000001   Zero   RW         1183    .bss.ir_run_flg     ram.o
    0x20000968        -       0x00000002   Zero   RW         1185    .bss.ir_run_tm      ram.o
    0x2000096a        -       0x00000001   Zero   RW         1180    .bss.ir_scan_flg    ram.o
    0x2000096b   0x0800782c   0x00000001   PAD
    0x2000096c        -       0x00000002   Zero   RW         1182    .bss.ir_scan_tm     ram.o
    0x2000096e        -       0x00000001   Zero   RW         1190    .bss.ir_send_must_ok_flg  ram.o
    0x2000096f   0x0800782c   0x00000001   PAD
    0x20000970        -       0x00000002   Zero   RW         1192    .bss.ir_send_must_ok_tm  ram.o
    0x20000972        -       0x00000002   Zero   RW         1193    .bss.ir_send_must_ok_tmr  ram.o
    0x20000974        -       0x00000001   Zero   RW         1191    .bss.ir_send_must_ok_type  ram.o
    0x20000975        -       0x00000001   Zero   RW         1270    .bss.line_detect_ct  ram.o
    0x20000976        -       0x00000001   Zero   RW         1288    .bss.mode_test_flg  ram.o
    0x20000977   0x0800782c   0x00000001   PAD
    0x20000978        -       0x00000002   Zero   RW         1177    .bss.one1sec_tm     ram.o
    0x2000097a   0x0800782c   0x00000006   PAD
    0x20000980        -       0x00000020   Zero   RW          423    .bss.pFlash         stm32f1xx_hal_flash.o
    0x200009a0        -       0x00000010   Zero   RW         1145    .bss.r1_buff        ram.o
    0x200009b0        -       0x00000080   Zero   RW         1153    .bss.r1_buff2       ram.o
    0x20000a30        -       0x00000001   Zero   RW         1151    .bss.r1_flg         ram.o
    0x20000a31   0x0800782c   0x00000001   PAD
    0x20000a32        -       0x00000002   Zero   RW         1150    .bss.r1_pos         ram.o
    0x20000a34        -       0x00000002   Zero   RW         1152    .bss.r1_tm          ram.o
    0x20000a36        -       0x00000418   Zero   RW         1155    .bss.r2_buff        ram.o
    0x20000e4e        -       0x00000418   Zero   RW         1161    .bss.r2_buff2       ram.o
    0x20001266        -       0x00000001   Zero   RW         1160    .bss.r2_flg         ram.o
    0x20001267   0x0800782c   0x00000001   PAD
    0x20001268        -       0x00000002   Zero   RW         1159    .bss.r2_pos         ram.o
    0x2000126a        -       0x00000080   Zero   RW         1163    .bss.r3_buff        ram.o
    0x200012ea        -       0x00000080   Zero   RW         1169    .bss.r3_buff2       ram.o
    0x2000136a        -       0x00000001   Zero   RW         1168    .bss.r3_flg         ram.o
    0x2000136b   0x0800782c   0x00000001   PAD
    0x2000136c        -       0x00000002   Zero   RW         1170    .bss.r3_pos         ram.o
    0x2000136e        -       0x00000002   Zero   RW         1167    .bss.r3_tot         ram.o
    0x20001370        -       0x00000001   Zero   RW         1298    .bss.ras_blink      ram.o
    0x20001371        -       0x00000001   Zero   RW         1299    .bss.ras_blink_bk   ram.o
    0x20001372        -       0x00000002   Zero   RW         1300    .bss.ras_blink_tot  ram.o
    0x20001374        -       0x00000001   Zero   RW         1294    .bss.ras_center     ram.o
    0x20001375        -       0x00000001   Zero   RW         1292    .bss.ras_left_h     ram.o
    0x20001376        -       0x00000001   Zero   RW         1293    .bss.ras_left_l     ram.o
    0x20001377        -       0x00000001   Zero   RW         1296    .bss.ras_right_h    ram.o
    0x20001378        -       0x00000001   Zero   RW         1295    .bss.ras_right_l    ram.o
    0x20001379        -       0x00000001   Zero   RW         1297    .bss.ras_stop       ram.o
    0x2000137a        -       0x00000001   Zero   RW         1301    .bss.ras_th         ram.o
    0x2000137b        -       0x00000001   Zero   RW         1302    .bss.ras_th_bk      ram.o
    0x2000137c        -       0x00000002   Zero   RW         1233    .bss.rgb_pwm_tot    ram.o
    0x2000137e        -       0x00000001   Zero   RW         1242    .bss.rgb_status     ram.o
    0x2000137f   0x0800782c   0x00000001   PAD
    0x20001380        -       0x00000002   Zero   RW         1239    .bss.rgb_wait_chk_tm  ram.o
    0x20001382        -       0x00000001   Zero   RW         1224    .bss.scan_rgb_tm    ram.o
    0x20001383   0x0800782c   0x00000001   PAD
    0x20001384        -       0x00000002   Zero   RW         1199    .bss.send_due_tm    ram.o
    0x20001386        -       0x00000010   Zero   RW         1144    .bss.t1_buff        ram.o
    0x20001396        -       0x00000418   Zero   RW         1154    .bss.t2_buff        ram.o
    0x200017ae        -       0x00000001   Zero   RW         1249    .bss.updatebootloader_flg  ram.o
    0x200017af   0x0800782c   0x00000001   PAD
    0x200017b0        -       0x00000004   Zero   RW          169    .bss.uwTick         stm32f1xx_hal.o
    0x200017b4   0x0800782c   0x00000004   PAD
    0x200017b8        -       0x00000200   Zero   RW            2    HEAP                startup_stm32f103xb.o
    0x200019b8        -       0x00000400   Zero   RW            1    STACK               startup_stm32f103xb.o


==============================================================================

Image component sizes


      Code (inc. data)   RO Data    RW Data    ZI Data      Debug   Object Name

       650          0          0          0          0       3359   flashv2.o
      1750          0          0          0          0       5349   main.o
     12784          0        237          0          0      23952   program.o
         0          0          0          0       5895      11225   ram.o
        64         26        236          0       1536        780   startup_stm32f103xb.o
       194          0          0          5          4       5542   stm32f1xx_hal.o
       482          0          0          0          0       7495   stm32f1xx_hal_cortex.o
       408          0          0          0          0       6236   stm32f1xx_hal_dma.o
      1008          0          0          0         32       4801   stm32f1xx_hal_flash.o
       366          0          0          0          0       5809   stm32f1xx_hal_flash_ex.o
       928          0          0          0          0       4197   stm32f1xx_hal_gpio.o
      1114          0          0          0          0       8079   stm32f1xx_hal_msp.o
      2622          0          0          0          0       7373   stm32f1xx_hal_rcc.o
      3924         14          0          0          0      34480   stm32f1xx_hal_tim.o
       236          0          0          0          0      14711   stm32f1xx_hal_tim_ex.o
      2196          0          0          0          0      17709   stm32f1xx_hal_uart.o
        96          0          0          0          0       1355   stm32f1xx_it.o
        96          0         24          4          0       2087   system_stm32f1xx.o
         0          0        572          0          0        537   table.o

    ----------------------------------------------------------------------
     29048         40       1104         12       7500     165076   Object Totals
         0          0         32          0          0          0   (incl. Generated)
       130          0          3          3         33          0   (incl. Padding)

    ----------------------------------------------------------------------

      Code (inc. data)   RO Data    RW Data    ZI Data      Debug   Library Member Name

         8          0          0          0          0         68   __main.o
         0          0          0          0          0          0   __rtentry.o
        12          0          0          0          0          0   __rtentry2.o
         6          0          0          0          0          0   __rtentry4.o
        52          8          0          0          0          0   __scatter.o
        26          0          0          0          0          0   __scatter_copy.o
        28          0          0          0          0          0   __scatter_zi.o
        18          0          0          0          0         80   exit.o
         6          0          0          0          0        152   heapauxi.o
         0          0          0          0          0          0   indicate_semi.o
         2          0          0          0          0          0   libinit.o
         2          0          0          0          0          0   libinit2.o
         2          0          0          0          0          0   libshutdown.o
         2          0          0          0          0          0   libshutdown2.o
         8          4          0          0         96         68   libspace.o
        78          0          0          0          0         80   rt_memclr_w.o
       138          0          0          0          0         68   rt_memcpy_v6.o
       100          0          0          0          0         80   rt_memcpy_w.o
         2          0          0          0          0          0   rtexit.o
        10          0          0          0          0          0   rtexit2.o
        12          4          0          0          0         68   sys_exit.o
        74          0          0          0          0         80   sys_stackheap_outer.o
         2          0          0          0          0         68   use_no_semi.o

    ----------------------------------------------------------------------
       596         16          0          0         96        812   Library Totals
         8          0          0          0          0          0   (incl. Padding)

    ----------------------------------------------------------------------

      Code (inc. data)   RO Data    RW Data    ZI Data      Debug   Library Name

       588         16          0          0         96        812   c_w.l

    ----------------------------------------------------------------------
       596         16          0          0         96        812   Library Totals

    ----------------------------------------------------------------------

==============================================================================


      Code (inc. data)   RO Data    RW Data    ZI Data      Debug   

     29644         56       1104         12       7596     165324   Grand Totals
     29644         56       1104         12       7596     165324   ELF Image Totals
     29644         56       1104         12          0          0   ROM Totals

==============================================================================

    Total RO  Size (Code + RO Data)                30748 (  30.03kB)
    Total RW  Size (RW Data + ZI Data)              7608 (   7.43kB)
    Total ROM Size (Code + RO Data + RW Data)      30760 (  30.04kB)

==============================================================================

